<?xml version="1.0"?>
<link_info>
   <banner>TI ARM Linker PC v16.3.0.STS</banner>
   <copyright>Copyright (c) 1996-2015 Texas Instruments Incorporated</copyright>
   <link_time>0x57f41bc8</link_time>
   <link_errors>0x0</link_errors>
   <output_file>EEESwitchFirmware.out</output_file>
   <entry_point>
      <name>_c_int00</name>
      <address>0x9af1</address>
   </entry_point>
   <input_file_list>
      <input_file id="fl-2">
         <path>.\</path>
         <kind>object</kind>
         <file>command_functions.obj</file>
         <name>command_functions.obj</name>
      </input_file>
      <input_file id="fl-3">
         <path>.\</path>
         <kind>object</kind>
         <file>eee_hal.obj</file>
         <name>eee_hal.obj</name>
      </input_file>
      <input_file id="fl-4">
         <path>.\</path>
         <kind>object</kind>
         <file>event_logger.obj</file>
         <name>event_logger.obj</name>
      </input_file>
      <input_file id="fl-5">
         <path>.\</path>
         <kind>object</kind>
         <file>freertos_init.obj</file>
         <name>freertos_init.obj</name>
      </input_file>
      <input_file id="fl-6">
         <path>.\</path>
         <kind>object</kind>
         <file>i2c_task.obj</file>
         <name>i2c_task.obj</name>
      </input_file>
      <input_file id="fl-7">
         <path>.\</path>
         <kind>object</kind>
         <file>interpreter_task.obj</file>
         <name>interpreter_task.obj</name>
      </input_file>
      <input_file id="fl-8">
         <path>.\</path>
         <kind>object</kind>
         <file>led_manager.obj</file>
         <name>led_manager.obj</name>
      </input_file>
      <input_file id="fl-9">
         <path>.\</path>
         <kind>object</kind>
         <file>led_task.obj</file>
         <name>led_task.obj</name>
      </input_file>
      <input_file id="fl-a">
         <path>.\</path>
         <kind>object</kind>
         <file>port_monitor_task.obj</file>
         <name>port_monitor_task.obj</name>
      </input_file>
      <input_file id="fl-b">
         <path>.\</path>
         <kind>object</kind>
         <file>startup_ccs.obj</file>
         <name>startup_ccs.obj</name>
      </input_file>
      <input_file id="fl-c">
         <path>.\drivers\</path>
         <kind>object</kind>
         <file>buttons.obj</file>
         <name>buttons.obj</name>
      </input_file>
      <input_file id="fl-d">
         <path>.\drivers\</path>
         <kind>object</kind>
         <file>rgb.obj</file>
         <name>rgb.obj</name>
      </input_file>
      <input_file id="fl-e">
         <path>.\third_party\FreeRTOS\Source\</path>
         <kind>object</kind>
         <file>list.obj</file>
         <name>list.obj</name>
      </input_file>
      <input_file id="fl-f">
         <path>.\third_party\FreeRTOS\Source\</path>
         <kind>object</kind>
         <file>queue.obj</file>
         <name>queue.obj</name>
      </input_file>
      <input_file id="fl-10">
         <path>.\third_party\FreeRTOS\Source\</path>
         <kind>object</kind>
         <file>tasks.obj</file>
         <name>tasks.obj</name>
      </input_file>
      <input_file id="fl-11">
         <path>.\third_party\FreeRTOS\Source\portable\CCS\ARM_CM4F\</path>
         <kind>object</kind>
         <file>port.obj</file>
         <name>port.obj</name>
      </input_file>
      <input_file id="fl-12">
         <path>.\third_party\FreeRTOS\Source\portable\CCS\ARM_CM4F\</path>
         <kind>object</kind>
         <file>portasm.obj</file>
         <name>portasm.obj</name>
      </input_file>
      <input_file id="fl-13">
         <path>.\third_party\FreeRTOS\Source\portable\MemMang\</path>
         <kind>object</kind>
         <file>heap_2.obj</file>
         <name>heap_2.obj</name>
      </input_file>
      <input_file id="fl-14">
         <path>.\utils\</path>
         <kind>object</kind>
         <file>uartstdio.obj</file>
         <name>uartstdio.obj</name>
      </input_file>
      <input_file id="fl-15">
         <path>.\utils\</path>
         <kind>object</kind>
         <file>ustdlib.obj</file>
         <name>ustdlib.obj</name>
      </input_file>
      <input_file id="fl-d0">
         <path>C:\ti\ccsv6\tools\compiler\ti-cgt-arm_16.3.0.STS\lib\</path>
         <kind>archive</kind>
         <file>rtsv7M4_T_le_v4SPD16_eabi.lib</file>
         <name>boot.obj</name>
      </input_file>
      <input_file id="fl-d1">
         <path>C:\ti\ccsv6\tools\compiler\ti-cgt-arm_16.3.0.STS\lib\</path>
         <kind>archive</kind>
         <file>rtsv7M4_T_le_v4SPD16_eabi.lib</file>
         <name>copy_decompress_none.obj</name>
      </input_file>
      <input_file id="fl-d2">
         <path>C:\ti\ccsv6\tools\compiler\ti-cgt-arm_16.3.0.STS\lib\</path>
         <kind>archive</kind>
         <file>rtsv7M4_T_le_v4SPD16_eabi.lib</file>
         <name>copy_decompress_rle.obj</name>
      </input_file>
      <input_file id="fl-d3">
         <path>C:\ti\ccsv6\tools\compiler\ti-cgt-arm_16.3.0.STS\lib\</path>
         <kind>archive</kind>
         <file>rtsv7M4_T_le_v4SPD16_eabi.lib</file>
         <name>copy_zero_init.obj</name>
      </input_file>
      <input_file id="fl-d4">
         <path>C:\ti\ccsv6\tools\compiler\ti-cgt-arm_16.3.0.STS\lib\</path>
         <kind>archive</kind>
         <file>rtsv7M4_T_le_v4SPD16_eabi.lib</file>
         <name>exit.obj</name>
      </input_file>
      <input_file id="fl-d5">
         <path>C:\ti\ccsv6\tools\compiler\ti-cgt-arm_16.3.0.STS\lib\</path>
         <kind>archive</kind>
         <file>rtsv7M4_T_le_v4SPD16_eabi.lib</file>
         <name>fd_mul_t2.obj</name>
      </input_file>
      <input_file id="fl-d6">
         <path>C:\ti\ccsv6\tools\compiler\ti-cgt-arm_16.3.0.STS\lib\</path>
         <kind>archive</kind>
         <file>rtsv7M4_T_le_v4SPD16_eabi.lib</file>
         <name>fd_tou_t2.obj</name>
      </input_file>
      <input_file id="fl-d7">
         <path>C:\ti\ccsv6\tools\compiler\ti-cgt-arm_16.3.0.STS\lib\</path>
         <kind>archive</kind>
         <file>rtsv7M4_T_le_v4SPD16_eabi.lib</file>
         <name>fs_toull_t2.obj</name>
      </input_file>
      <input_file id="fl-d8">
         <path>C:\ti\ccsv6\tools\compiler\ti-cgt-arm_16.3.0.STS\lib\</path>
         <kind>archive</kind>
         <file>rtsv7M4_T_le_v4SPD16_eabi.lib</file>
         <name>memcpy_t2.obj</name>
      </input_file>
      <input_file id="fl-d9">
         <path>C:\ti\ccsv6\tools\compiler\ti-cgt-arm_16.3.0.STS\lib\</path>
         <kind>archive</kind>
         <file>rtsv7M4_T_le_v4SPD16_eabi.lib</file>
         <name>memset_t2.obj</name>
      </input_file>
      <input_file id="fl-da">
         <path>C:\ti\ccsv6\tools\compiler\ti-cgt-arm_16.3.0.STS\lib\</path>
         <kind>archive</kind>
         <file>rtsv7M4_T_le_v4SPD16_eabi.lib</file>
         <name>mpu_init.obj</name>
      </input_file>
      <input_file id="fl-db">
         <path>C:\ti\ccsv6\tools\compiler\ti-cgt-arm_16.3.0.STS\lib\</path>
         <kind>archive</kind>
         <file>rtsv7M4_T_le_v4SPD16_eabi.lib</file>
         <name>pre_init.obj</name>
      </input_file>
      <input_file id="fl-dc">
         <path>C:\ti\ccsv6\tools\compiler\ti-cgt-arm_16.3.0.STS\lib\</path>
         <kind>archive</kind>
         <file>rtsv7M4_T_le_v4SPD16_eabi.lib</file>
         <name>stkdepth_vars.obj</name>
      </input_file>
      <input_file id="fl-dd">
         <path>C:\ti\ccsv6\tools\compiler\ti-cgt-arm_16.3.0.STS\lib\</path>
         <kind>archive</kind>
         <file>rtsv7M4_T_le_v4SPD16_eabi.lib</file>
         <name>strcmp.obj</name>
      </input_file>
      <input_file id="fl-de">
         <path>C:\ti\ccsv6\tools\compiler\ti-cgt-arm_16.3.0.STS\lib\</path>
         <kind>archive</kind>
         <file>rtsv7M4_T_le_v4SPD16_eabi.lib</file>
         <name>strlen.obj</name>
      </input_file>
      <input_file id="fl-df">
         <path>C:\ti\ccsv6\tools\compiler\ti-cgt-arm_16.3.0.STS\lib\</path>
         <kind>archive</kind>
         <file>rtsv7M4_T_le_v4SPD16_eabi.lib</file>
         <name>strtok.obj</name>
      </input_file>
      <input_file id="fl-e0">
         <path>C:\ti\ccsv6\tools\compiler\ti-cgt-arm_16.3.0.STS\lib\</path>
         <kind>archive</kind>
         <file>rtsv7M4_T_le_v4SPD16_eabi.lib</file>
         <name>strtol.obj</name>
      </input_file>
      <input_file id="fl-e1">
         <path>C:\ti\ccsv6\tools\compiler\ti-cgt-arm_16.3.0.STS\lib\</path>
         <kind>archive</kind>
         <file>rtsv7M4_T_le_v4SPD16_eabi.lib</file>
         <name>u_divt2.obj</name>
      </input_file>
      <input_file id="fl-e2">
         <path>C:\ti\ccsv6\tools\compiler\ti-cgt-arm_16.3.0.STS\lib\</path>
         <kind>archive</kind>
         <file>rtsv7M4_T_le_v4SPD16_eabi.lib</file>
         <name>u_tofd_t2.obj</name>
      </input_file>
      <input_file id="fl-e3">
         <path>C:\ti\ccsv6\tools\compiler\ti-cgt-arm_16.3.0.STS\lib\</path>
         <kind>archive</kind>
         <file>rtsv7M4_T_le_v4SPD16_eabi.lib</file>
         <name>_lock.obj</name>
      </input_file>
      <input_file id="fl-e4">
         <path>C:\ti\ccsv6\tools\compiler\ti-cgt-arm_16.3.0.STS\lib\</path>
         <kind>archive</kind>
         <file>rtsv7M4_T_le_v4SPD16_eabi.lib</file>
         <name>args_main.obj</name>
      </input_file>
      <input_file id="fl-e5">
         <path>C:\ti\ccsv6\tools\compiler\ti-cgt-arm_16.3.0.STS\lib\</path>
         <kind>archive</kind>
         <file>rtsv7M4_T_le_v4SPD16_eabi.lib</file>
         <name>autoinit.obj</name>
      </input_file>
      <input_file id="fl-e6">
         <path>C:\ti\ccsv6\tools\compiler\ti-cgt-arm_16.3.0.STS\lib\</path>
         <kind>archive</kind>
         <file>rtsv7M4_T_le_v4SPD16_eabi.lib</file>
         <name>cpy_tbl.obj</name>
      </input_file>
      <input_file id="fl-e7">
         <path>C:\ti\ccsv6\tools\compiler\ti-cgt-arm_16.3.0.STS\lib\</path>
         <kind>archive</kind>
         <file>rtsv7M4_T_le_v4SPD16_eabi.lib</file>
         <name>ctype.obj</name>
      </input_file>
      <input_file id="fl-e8">
         <path>C:\ti\ccsv6\tools\compiler\ti-cgt-arm_16.3.0.STS\lib\</path>
         <kind>archive</kind>
         <file>rtsv7M4_T_le_v4SPD16_eabi.lib</file>
         <name>errno.obj</name>
      </input_file>
      <input_file id="fl-e9">
         <path>C:\ti\ccsv6\tools\compiler\ti-cgt-arm_16.3.0.STS\lib\</path>
         <kind>archive</kind>
         <file>rtsv7M4_T_le_v4SPD16_eabi.lib</file>
         <name>i_div0.obj</name>
      </input_file>
      <input_file id="fl-ea">
         <path>C:\ti\ccsv6\tools\compiler\ti-cgt-arm_16.3.0.STS\lib\</path>
         <kind>archive</kind>
         <file>rtsv7M4_T_le_v4SPD16_eabi.lib</file>
         <name>startup.obj</name>
      </input_file>
      <input_file id="fl-eb">
         <path>C:\ti\ccsv6\tools\compiler\ti-cgt-arm_16.3.0.STS\lib\</path>
         <kind>archive</kind>
         <file>rtsv7M4_T_le_v4SPD16_eabi.lib</file>
         <name>strcspn.obj</name>
      </input_file>
      <input_file id="fl-ec">
         <path>C:\ti\ccsv6\tools\compiler\ti-cgt-arm_16.3.0.STS\lib\</path>
         <kind>archive</kind>
         <file>rtsv7M4_T_le_v4SPD16_eabi.lib</file>
         <name>strspn.obj</name>
      </input_file>
      <input_file id="fl-ed">
         <path>C:\ti\TivaWare_C_Series-2.1.2.111\driverlib\ccs\Debug\</path>
         <kind>archive</kind>
         <file>driverlib.lib</file>
         <name>gpio.obj</name>
      </input_file>
      <input_file id="fl-ee">
         <path>C:\ti\TivaWare_C_Series-2.1.2.111\driverlib\ccs\Debug\</path>
         <kind>archive</kind>
         <file>driverlib.lib</file>
         <name>i2c.obj</name>
      </input_file>
      <input_file id="fl-ef">
         <path>C:\ti\TivaWare_C_Series-2.1.2.111\driverlib\ccs\Debug\</path>
         <kind>archive</kind>
         <file>driverlib.lib</file>
         <name>interrupt.obj</name>
      </input_file>
      <input_file id="fl-f0">
         <path>C:\ti\TivaWare_C_Series-2.1.2.111\driverlib\ccs\Debug\</path>
         <kind>archive</kind>
         <file>driverlib.lib</file>
         <name>ssi.obj</name>
      </input_file>
      <input_file id="fl-f1">
         <path>C:\ti\TivaWare_C_Series-2.1.2.111\driverlib\ccs\Debug\</path>
         <kind>archive</kind>
         <file>driverlib.lib</file>
         <name>sysctl.obj</name>
      </input_file>
      <input_file id="fl-f2">
         <path>C:\ti\TivaWare_C_Series-2.1.2.111\driverlib\ccs\Debug\</path>
         <kind>archive</kind>
         <file>driverlib.lib</file>
         <name>uart.obj</name>
      </input_file>
      <input_file id="fl-f3">
         <path>C:\ti\TivaWare_C_Series-2.1.2.111\driverlib\ccs\Debug\</path>
         <kind>archive</kind>
         <file>driverlib.lib</file>
         <name>cpu.obj</name>
      </input_file>
   </input_file_list>
   <object_component_list>
      <object_component id="oc-f">
         <name>.intvecs</name>
         <load_address>0x0</load_address>
         <run_address>0x0</run_address>
         <size>0x26c</size>
         <input_file_ref idref="fl-b"/>
      </object_component>
      <object_component id="oc-49e">
         <name>.text:InterpreterTask</name>
         <load_address>0x26c</load_address>
         <run_address>0x26c</run_address>
         <size>0x884</size>
         <input_file_ref idref="fl-7"/>
      </object_component>
      <object_component id="oc-773">
         <name>.text:COM_SaveSwitchConfiguration</name>
         <load_address>0xaf0</load_address>
         <run_address>0xaf0</run_address>
         <size>0x76c</size>
         <input_file_ref idref="fl-2"/>
      </object_component>
      <object_component id="oc-2a1">
         <name>.text:InitializeEEPROM</name>
         <load_address>0x125c</load_address>
         <run_address>0x125c</run_address>
         <size>0x6d0</size>
         <input_file_ref idref="fl-5"/>
      </object_component>
      <object_component id="oc-4b3">
         <name>.text:PortMonitorTask</name>
         <load_address>0x192c</load_address>
         <run_address>0x192c</run_address>
         <size>0x660</size>
         <input_file_ref idref="fl-a"/>
      </object_component>
      <object_component id="oc-78f">
         <name>.text:COM_AddUser</name>
         <load_address>0x1f8c</load_address>
         <run_address>0x1f8c</run_address>
         <size>0x542</size>
         <input_file_ref idref="fl-2"/>
      </object_component>
      <object_component id="oc-3d">
         <name>.text:IntDefaultHandler</name>
         <load_address>0x24ce</load_address>
         <run_address>0x24ce</run_address>
         <size>0x2</size>
         <input_file_ref idref="fl-b"/>
      </object_component>
      <object_component id="oc-8df">
         <name>.text:COM_SetVLANEntry</name>
         <load_address>0x24d0</load_address>
         <run_address>0x24d0</run_address>
         <size>0x3f4</size>
         <input_file_ref idref="fl-2"/>
      </object_component>
      <object_component id="oc-795">
         <name>.text:COM_DeleteUsersMenu</name>
         <load_address>0x28c4</load_address>
         <run_address>0x28c4</run_address>
         <size>0x3dc</size>
         <input_file_ref idref="fl-2"/>
      </object_component>
      <object_component id="oc-819">
         <name>.text:COM_ShowVLANTable</name>
         <load_address>0x2ca0</load_address>
         <run_address>0x2ca0</run_address>
         <size>0x3b9</size>
         <input_file_ref idref="fl-2"/>
      </object_component>
      <object_component id="oc-31">
         <name>.text:NmiSR</name>
         <load_address>0x305a</load_address>
         <run_address>0x305a</run_address>
         <size>0x2</size>
         <input_file_ref idref="fl-b"/>
      </object_component>
      <object_component id="oc-7d2">
         <name>.text:COM_RunCableDiagnostics</name>
         <load_address>0x305c</load_address>
         <run_address>0x305c</run_address>
         <size>0x3b4</size>
         <input_file_ref idref="fl-2"/>
      </object_component>
      <object_component id="oc-614">
         <name>.text:ShowDebugInformation</name>
         <load_address>0x3410</load_address>
         <run_address>0x3410</run_address>
         <size>0x338</size>
         <input_file_ref idref="fl-5"/>
      </object_component>
      <object_component id="oc-1a6">
         <name>.text:UARTvprintf</name>
         <load_address>0x3748</load_address>
         <run_address>0x3748</run_address>
         <size>0x30c</size>
         <input_file_ref idref="fl-14"/>
      </object_component>
      <object_component id="oc-7a3">
         <name>.text:COM_ManageEvents</name>
         <load_address>0x3a54</load_address>
         <run_address>0x3a54</run_address>
         <size>0x2d4</size>
         <input_file_ref idref="fl-2"/>
      </object_component>
      <object_component id="oc-825">
         <name>.text:COM_ShowDynamicMACTable</name>
         <load_address>0x3d28</load_address>
         <run_address>0x3d28</run_address>
         <size>0x27c</size>
         <input_file_ref idref="fl-2"/>
      </object_component>
      <object_component id="oc-81f">
         <name>.text:COM_ShowStaticMACTable</name>
         <load_address>0x3fa4</load_address>
         <run_address>0x3fa4</run_address>
         <size>0x27c</size>
         <input_file_ref idref="fl-2"/>
      </object_component>
      <object_component id="oc-193">
         <name>.text:main</name>
         <load_address>0x4220</load_address>
         <run_address>0x4220</run_address>
         <size>0x278</size>
         <input_file_ref idref="fl-5"/>
      </object_component>
      <object_component id="oc-806">
         <name>.text:ShowPortStatus</name>
         <load_address>0x4498</load_address>
         <run_address>0x4498</run_address>
         <size>0x25c</size>
         <input_file_ref idref="fl-2"/>
      </object_component>
      <object_component id="oc-759">
         <name>.text:COM_ShowRunningConfig</name>
         <load_address>0x46f4</load_address>
         <run_address>0x46f4</run_address>
         <size>0x256</size>
         <input_file_ref idref="fl-2"/>
      </object_component>
      <object_component id="oc-65d">
         <name>.text:_IntDefaultHandler</name>
         <load_address>0x494a</load_address>
         <run_address>0x494a</run_address>
         <size>0x2</size>
         <input_file_ref idref="fl-ef"/>
      </object_component>
      <object_component id="oc-800">
         <name>.text:ShowGlobalStatus</name>
         <load_address>0x494c</load_address>
         <run_address>0x494c</run_address>
         <size>0x254</size>
         <input_file_ref idref="fl-2"/>
      </object_component>
      <object_component id="oc-4e">
         <name>.text:UARTStdioIntHandler</name>
         <load_address>0x4ba0</load_address>
         <run_address>0x4ba0</run_address>
         <size>0x20c</size>
         <input_file_ref idref="fl-14"/>
      </object_component>
      <object_component id="oc-399">
         <name>.text:EEPROMSingleWrite</name>
         <load_address>0x4dac</load_address>
         <run_address>0x4dac</run_address>
         <size>0x1e0</size>
         <input_file_ref idref="fl-3"/>
      </object_component>
      <object_component id="oc-7c9">
         <name>.text:COM_ShowPortStatus</name>
         <load_address>0x4f8c</load_address>
         <run_address>0x4f8c</run_address>
         <size>0x1b8</size>
         <input_file_ref idref="fl-2"/>
      </object_component>
      <object_component id="oc-4a5">
         <name>.text:I2CManagerTask</name>
         <load_address>0x5144</load_address>
         <run_address>0x5144</run_address>
         <size>0x1ac</size>
         <input_file_ref idref="fl-6"/>
      </object_component>
      <object_component id="oc-289">
         <name>.text:ConfigureSSI</name>
         <load_address>0x52f0</load_address>
         <run_address>0x52f0</run_address>
         <size>0x198</size>
         <input_file_ref idref="fl-5"/>
      </object_component>
      <object_component id="oc-30a">
         <name>.text:DTSTriggered</name>
         <load_address>0x5488</load_address>
         <run_address>0x5488</run_address>
         <size>0x198</size>
         <input_file_ref idref="fl-5"/>
      </object_component>
      <object_component id="oc-472">
         <name>.text:xQueueGenericReceive</name>
         <load_address>0x5620</load_address>
         <run_address>0x5620</run_address>
         <size>0x16c</size>
         <input_file_ref idref="fl-f"/>
      </object_component>
      <object_component id="oc-54">
         <name>.text:I2C0SlaveIntHandler</name>
         <load_address>0x578c</load_address>
         <run_address>0x578c</run_address>
         <size>0x168</size>
         <input_file_ref idref="fl-5"/>
      </object_component>
      <object_component id="oc-497">
         <name>.text:LEDManagerTask</name>
         <load_address>0x58f4</load_address>
         <run_address>0x58f4</run_address>
         <size>0x168</size>
         <input_file_ref idref="fl-8"/>
      </object_component>
      <object_component id="oc-837">
         <name>.text:EEPROMPageErase</name>
         <load_address>0x5a5c</load_address>
         <run_address>0x5a5c</run_address>
         <size>0x154</size>
         <input_file_ref idref="fl-3"/>
      </object_component>
      <object_component id="oc-79d">
         <name>.text:COM_EventStatus</name>
         <load_address>0x5bb0</load_address>
         <run_address>0x5bb0</run_address>
         <size>0x140</size>
         <input_file_ref idref="fl-2"/>
      </object_component>
      <object_component id="oc-453">
         <name>.text:UpdateProgressBar</name>
         <load_address>0x5cf0</load_address>
         <run_address>0x5cf0</run_address>
         <size>0x13a</size>
         <input_file_ref idref="fl-2"/>
      </object_component>
      <object_component id="oc-544">
         <name>.text</name>
         <load_address>0x5e2a</load_address>
         <run_address>0x5e2a</run_address>
         <size>0x2</size>
         <input_file_ref idref="fl-e9"/>
      </object_component>
      <object_component id="oc-89a">
         <name>.text:COM_WriteToEthernetController</name>
         <load_address>0x5e2c</load_address>
         <run_address>0x5e2c</run_address>
         <size>0x138</size>
         <input_file_ref idref="fl-2"/>
      </object_component>
      <object_component id="oc-491">
         <name>.text:xTaskGenericCreate</name>
         <load_address>0x5f64</load_address>
         <run_address>0x5f64</run_address>
         <size>0x138</size>
         <input_file_ref idref="fl-10"/>
      </object_component>
      <object_component id="oc-85b">
         <name>.text</name>
         <load_address>0x609c</load_address>
         <run_address>0x609c</run_address>
         <size>0x134</size>
         <input_file_ref idref="fl-e0"/>
      </object_component>
      <object_component id="oc-c7">
         <name>.text:xTaskIncrementTick</name>
         <load_address>0x61d0</load_address>
         <run_address>0x61d0</run_address>
         <size>0x134</size>
         <input_file_ref idref="fl-10"/>
      </object_component>
      <object_component id="oc-2d1">
         <name>.text:GPIOPadConfigSet</name>
         <load_address>0x6304</load_address>
         <run_address>0x6304</run_address>
         <size>0x132</size>
         <input_file_ref idref="fl-ed"/>
      </object_component>
      <object_component id="oc-88">
         <name>.text</name>
         <load_address>0x6436</load_address>
         <run_address>0x6436</run_address>
         <size>0x2</size>
         <input_file_ref idref="fl-da"/>
      </object_component>
      <object_component id="oc-2ef">
         <name>.text:xQueueGenericSend</name>
         <load_address>0x6438</load_address>
         <run_address>0x6438</run_address>
         <size>0x128</size>
         <input_file_ref idref="fl-f"/>
      </object_component>
      <object_component id="oc-7d8">
         <name>.text:COM_SetSCBitEthernetController</name>
         <load_address>0x6560</load_address>
         <run_address>0x6560</run_address>
         <size>0x120</size>
         <input_file_ref idref="fl-2"/>
      </object_component>
      <object_component id="oc-439">
         <name>.text:pvPortMalloc</name>
         <load_address>0x6680</load_address>
         <run_address>0x6680</run_address>
         <size>0x11c</size>
         <input_file_ref idref="fl-13"/>
      </object_component>
      <object_component id="oc-7a9">
         <name>.text:COM_ListEvents</name>
         <load_address>0x679c</load_address>
         <run_address>0x679c</run_address>
         <size>0x118</size>
         <input_file_ref idref="fl-2"/>
      </object_component>
      <object_component id="oc-7bd">
         <name>.text:COM_SetBitEthernetController</name>
         <load_address>0x68b4</load_address>
         <run_address>0x68b4</run_address>
         <size>0x114</size>
         <input_file_ref idref="fl-2"/>
      </object_component>
      <object_component id="oc-3e9">
         <name>.text:SysCtlClockGet</name>
         <load_address>0x69c8</load_address>
         <run_address>0x69c8</run_address>
         <size>0x110</size>
         <input_file_ref idref="fl-f1"/>
      </object_component>
      <object_component id="oc-7b7">
         <name>.text:COM_ClearBitEthernetController</name>
         <load_address>0x6ad8</load_address>
         <run_address>0x6ad8</run_address>
         <size>0x10c</size>
         <input_file_ref idref="fl-2"/>
      </object_component>
      <object_component id="oc-789">
         <name>.text:COM_ListUsers</name>
         <load_address>0x6be4</load_address>
         <run_address>0x6be4</run_address>
         <size>0x10c</size>
         <input_file_ref idref="fl-2"/>
      </object_component>
      <object_component id="oc-8e7">
         <name>.text:AssertVLANS</name>
         <load_address>0x6cf0</load_address>
         <run_address>0x6cf0</run_address>
         <size>0x104</size>
         <input_file_ref idref="fl-2"/>
      </object_component>
      <object_component id="oc-4ac">
         <name>.text:LoggerTask</name>
         <load_address>0x6df4</load_address>
         <run_address>0x6df4</run_address>
         <size>0x100</size>
         <input_file_ref idref="fl-4"/>
      </object_component>
      <object_component id="oc-83d">
         <name>.text:EthoControllerBulkRead</name>
         <load_address>0x6ef4</load_address>
         <run_address>0x6ef4</run_address>
         <size>0xfc</size>
         <input_file_ref idref="fl-3"/>
      </object_component>
      <object_component id="oc-88d">
         <name>.text</name>
         <load_address>0x6ff0</load_address>
         <run_address>0x6ff0</run_address>
         <size>0xfc</size>
         <input_file_ref idref="fl-d5"/>
      </object_component>
      <object_component id="oc-503">
         <name>.text:xTaskResumeAll</name>
         <load_address>0x70ec</load_address>
         <run_address>0x70ec</run_address>
         <size>0xfc</size>
         <input_file_ref idref="fl-10"/>
      </object_component>
      <object_component id="oc-8f5">
         <name>.text:COM_WriteToEEPOM</name>
         <load_address>0x71e8</load_address>
         <run_address>0x71e8</run_address>
         <size>0xf8</size>
         <input_file_ref idref="fl-2"/>
      </object_component>
      <object_component id="oc-1b9">
         <name>.text:vApplicationStackOverflowHook</name>
         <load_address>0x72e0</load_address>
         <run_address>0x72e0</run_address>
         <size>0xf8</size>
         <input_file_ref idref="fl-5"/>
      </object_component>
      <object_component id="oc-878">
         <name>.text:COM_SetPortVLAN</name>
         <load_address>0x73d8</load_address>
         <run_address>0x73d8</run_address>
         <size>0xf0</size>
         <input_file_ref idref="fl-2"/>
      </object_component>
      <object_component id="oc-447">
         <name>.text:EEPROMChipErase</name>
         <load_address>0x74c8</load_address>
         <run_address>0x74c8</run_address>
         <size>0xec</size>
         <input_file_ref idref="fl-3"/>
      </object_component>
      <object_component id="oc-245">
         <name>.text:I2C_SaveSwitchConfiguration</name>
         <load_address>0x75b4</load_address>
         <run_address>0x75b4</run_address>
         <size>0xec</size>
         <input_file_ref idref="fl-2"/>
      </object_component>
      <object_component id="oc-8b0">
         <name>.text:COM_I2CSend</name>
         <load_address>0x76a0</load_address>
         <run_address>0x76a0</run_address>
         <size>0xe8</size>
         <input_file_ref idref="fl-2"/>
      </object_component>
      <object_component id="oc-39f">
         <name>.text:EEPROMSingleRead</name>
         <load_address>0x7788</load_address>
         <run_address>0x7788</run_address>
         <size>0xe4</size>
         <input_file_ref idref="fl-3"/>
      </object_component>
      <object_component id="oc-861">
         <name>.text:ShowProgress</name>
         <load_address>0x786c</load_address>
         <run_address>0x786c</run_address>
         <size>0xde</size>
         <input_file_ref idref="fl-2"/>
      </object_component>
      <object_component id="oc-18b">
         <name>.text</name>
         <load_address>0x794a</load_address>
         <run_address>0x794a</run_address>
         <size>0x2</size>
         <input_file_ref idref="fl-ea"/>
      </object_component>
      <object_component id="oc-8a2">
         <name>.text:COM_ReadFromEEPROM</name>
         <load_address>0x794c</load_address>
         <run_address>0x794c</run_address>
         <size>0xdc</size>
         <input_file_ref idref="fl-2"/>
      </object_component>
      <object_component id="oc-3d0">
         <name>.text:UARTStdioConfig</name>
         <load_address>0x7a28</load_address>
         <run_address>0x7a28</run_address>
         <size>0xd8</size>
         <input_file_ref idref="fl-14"/>
      </object_component>
      <object_component id="oc-43">
         <name>.text</name>
         <load_address>0x7b00</load_address>
         <run_address>0x7b00</run_address>
         <size>0xd2</size>
         <input_file_ref idref="fl-12"/>
      </object_component>
      <object_component id="oc-7e0">
         <name>.text:COM_ReadFromEthernetController</name>
         <load_address>0x7bd4</load_address>
         <run_address>0x7bd4</run_address>
         <size>0xd0</size>
         <input_file_ref idref="fl-2"/>
      </object_component>
      <object_component id="oc-5c7">
         <name>.text:vTaskPriorityInherit</name>
         <load_address>0x7ca4</load_address>
         <run_address>0x7ca4</run_address>
         <size>0xc8</size>
         <input_file_ref idref="fl-10"/>
      </object_component>
      <object_component id="oc-392">
         <name>.text:EthoControllerSingleRead</name>
         <load_address>0x7d6c</load_address>
         <run_address>0x7d6c</run_address>
         <size>0xbc</size>
         <input_file_ref idref="fl-3"/>
      </object_component>
      <object_component id="oc-2a7">
         <name>.text:EthoControllerSingleWrite</name>
         <load_address>0x7e28</load_address>
         <run_address>0x7e28</run_address>
         <size>0xbc</size>
         <input_file_ref idref="fl-3"/>
      </object_component>
      <object_component id="oc-da">
         <name>.text:UARTwrite</name>
         <load_address>0x7ee4</load_address>
         <run_address>0x7ee4</run_address>
         <size>0xbc</size>
         <input_file_ref idref="fl-14"/>
      </object_component>
      <object_component id="oc-1e4">
         <name>.text:prvCopyDataToQueue</name>
         <load_address>0x7fa0</load_address>
         <run_address>0x7fa0</run_address>
         <size>0xbc</size>
         <input_file_ref idref="fl-f"/>
      </object_component>
      <object_component id="oc-5f1">
         <name>.text:vTaskDelete</name>
         <load_address>0x805c</load_address>
         <run_address>0x805c</run_address>
         <size>0xbc</size>
         <input_file_ref idref="fl-10"/>
      </object_component>
      <object_component id="oc-843">
         <name>.text:EEPROMBulkWrite</name>
         <load_address>0x8118</load_address>
         <run_address>0x8118</run_address>
         <size>0xb8</size>
         <input_file_ref idref="fl-3"/>
      </object_component>
      <object_component id="oc-35d">
         <name>.text:vTaskDelayUntil</name>
         <load_address>0x81d0</load_address>
         <run_address>0x81d0</run_address>
         <size>0xb8</size>
         <input_file_ref idref="fl-10"/>
      </object_component>
      <object_component id="oc-c0">
         <name>.text:vTaskSwitchContext</name>
         <load_address>0x8288</load_address>
         <run_address>0x8288</run_address>
         <size>0xb8</size>
         <input_file_ref idref="fl-10"/>
      </object_component>
      <object_component id="oc-269">
         <name>.text:I2C_SetSCEthernetController</name>
         <load_address>0x8340</load_address>
         <run_address>0x8340</run_address>
         <size>0xb0</size>
         <input_file_ref idref="fl-2"/>
      </object_component>
      <object_component id="oc-462">
         <name>.text:EEPROMBulkRead</name>
         <load_address>0x83f0</load_address>
         <run_address>0x83f0</run_address>
         <size>0xac</size>
         <input_file_ref idref="fl-3"/>
      </object_component>
      <object_component id="oc-37d">
         <name>.text:xTaskPriorityDisinherit</name>
         <load_address>0x849c</load_address>
         <run_address>0x849c</run_address>
         <size>0xa8</size>
         <input_file_ref idref="fl-10"/>
      </object_component>
      <object_component id="oc-25d">
         <name>.text:I2C_ClearBitEthernetController</name>
         <load_address>0x8544</load_address>
         <run_address>0x8544</run_address>
         <size>0xa4</size>
         <input_file_ref idref="fl-2"/>
      </object_component>
      <object_component id="oc-5d1">
         <name>.text:xQueueGenericReset</name>
         <load_address>0x85e8</load_address>
         <run_address>0x85e8</run_address>
         <size>0xa0</size>
         <input_file_ref idref="fl-f"/>
      </object_component>
      <object_component id="oc-28f">
         <name>.text:ConfigureI2C</name>
         <load_address>0x8688</load_address>
         <run_address>0x8688</run_address>
         <size>0x9c</size>
         <input_file_ref idref="fl-5"/>
      </object_component>
      <object_component id="oc-63">
         <name>.text</name>
         <load_address>0x8724</load_address>
         <run_address>0x8724</run_address>
         <size>0x9c</size>
         <input_file_ref idref="fl-d8"/>
      </object_component>
      <object_component id="oc-5de">
         <name>.text:prvInitialiseTCBVariables</name>
         <load_address>0x87c0</load_address>
         <run_address>0x87c0</run_address>
         <size>0x9a</size>
         <input_file_ref idref="fl-10"/>
      </object_component>
      <object_component id="oc-351">
         <name>.text:eTaskGetState</name>
         <load_address>0x885c</load_address>
         <run_address>0x885c</run_address>
         <size>0x98</size>
         <input_file_ref idref="fl-10"/>
      </object_component>
      <object_component id="oc-ce">
         <name>.text:UARTPrimeTransmit</name>
         <load_address>0x88f4</load_address>
         <run_address>0x88f4</run_address>
         <size>0x94</size>
         <input_file_ref idref="fl-14"/>
      </object_component>
      <object_component id="oc-7af">
         <name>.text:COM_DeleteEvents</name>
         <load_address>0x8988</load_address>
         <run_address>0x8988</run_address>
         <size>0x90</size>
         <input_file_ref idref="fl-2"/>
      </object_component>
      <object_component id="oc-283">
         <name>.text:ConfigureUART</name>
         <load_address>0x8a18</load_address>
         <run_address>0x8a18</run_address>
         <size>0x90</size>
         <input_file_ref idref="fl-5"/>
      </object_component>
      <object_component id="oc-1ea">
         <name>.text:xTaskRemoveFromEventList</name>
         <load_address>0x8aa8</load_address>
         <run_address>0x8aa8</run_address>
         <size>0x90</size>
         <input_file_ref idref="fl-10"/>
      </object_component>
      <object_component id="oc-ec">
         <name>.text:xQueueGenericSendFromISR</name>
         <load_address>0x8b38</load_address>
         <run_address>0x8b38</run_address>
         <size>0x8c</size>
         <input_file_ref idref="fl-f"/>
      </object_component>
      <object_component id="oc-251">
         <name>.text:I2C_ClearSwitchConfiguration</name>
         <load_address>0x8bc4</load_address>
         <run_address>0x8bc4</run_address>
         <size>0x88</size>
         <input_file_ref idref="fl-2"/>
      </object_component>
      <object_component id="oc-e6">
         <name>.text:UARTgets</name>
         <load_address>0x8c4c</load_address>
         <run_address>0x8c4c</run_address>
         <size>0x88</size>
         <input_file_ref idref="fl-14"/>
      </object_component>
      <object_component id="oc-12b">
         <name>.text:xQueueReceiveFromISR</name>
         <load_address>0x8cd4</load_address>
         <run_address>0x8cd4</run_address>
         <size>0x86</size>
         <input_file_ref idref="fl-f"/>
      </object_component>
      <object_component id="oc-4eb">
         <name>.text:xTaskCheckForTimeOut</name>
         <load_address>0x8d5c</load_address>
         <run_address>0x8d5c</run_address>
         <size>0x84</size>
         <input_file_ref idref="fl-10"/>
      </object_component>
      <object_component id="oc-4fd">
         <name>.text:prvUnlockQueue</name>
         <load_address>0x8de0</load_address>
         <run_address>0x8de0</run_address>
         <size>0x82</size>
         <input_file_ref idref="fl-f"/>
      </object_component>
      <object_component id="oc-13d">
         <name>.text:xQueueGiveFromISR</name>
         <load_address>0x8e62</load_address>
         <run_address>0x8e62</run_address>
         <size>0x80</size>
         <input_file_ref idref="fl-f"/>
      </object_component>
      <object_component id="oc-7c">
         <name>.text</name>
         <load_address>0x8ee2</load_address>
         <run_address>0x8ee2</run_address>
         <size>0x7a</size>
         <input_file_ref idref="fl-d9"/>
      </object_component>
      <object_component id="oc-295">
         <name>.text:xQueueCreateMutex</name>
         <load_address>0x8f5c</load_address>
         <run_address>0x8f5c</run_address>
         <size>0x76</size>
         <input_file_ref idref="fl-f"/>
      </object_component>
      <object_component id="oc-2ad">
         <name>.text:LEDManagerTaskInit</name>
         <load_address>0x8fd4</load_address>
         <run_address>0x8fd4</run_address>
         <size>0x74</size>
         <input_file_ref idref="fl-8"/>
      </object_component>
      <object_component id="oc-5ea">
         <name>.text:prvInitialiseTaskLists</name>
         <load_address>0x9048</load_address>
         <run_address>0x9048</run_address>
         <size>0x74</size>
         <input_file_ref idref="fl-10"/>
      </object_component>
      <object_component id="oc-24b">
         <name>.text:I2C_DownloadSwitchConfiguration</name>
         <load_address>0x90bc</load_address>
         <run_address>0x90bc</run_address>
         <size>0x70</size>
         <input_file_ref idref="fl-2"/>
      </object_component>
      <object_component id="oc-94">
         <name>.text</name>
         <load_address>0x912c</load_address>
         <run_address>0x912c</run_address>
         <size>0x70</size>
         <input_file_ref idref="fl-e5"/>
      </object_component>
      <object_component id="oc-6a8">
         <name>.text:vPortFree</name>
         <load_address>0x919c</load_address>
         <run_address>0x919c</run_address>
         <size>0x70</size>
         <input_file_ref idref="fl-13"/>
      </object_component>
      <object_component id="oc-301">
         <name>.text:vTaskStartScheduler</name>
         <load_address>0x920c</load_address>
         <run_address>0x920c</run_address>
         <size>0x70</size>
         <input_file_ref idref="fl-10"/>
      </object_component>
      <object_component id="oc-48b">
         <name>.text:xQueueGenericCreate</name>
         <load_address>0x927c</load_address>
         <run_address>0x927c</run_address>
         <size>0x70</size>
         <input_file_ref idref="fl-f"/>
      </object_component>
      <object_component id="oc-313">
         <name>.text:DTSOFF</name>
         <load_address>0x92ec</load_address>
         <run_address>0x92ec</run_address>
         <size>0x6c</size>
         <input_file_ref idref="fl-5"/>
      </object_component>
      <object_component id="oc-6f">
         <name>.text</name>
         <load_address>0x9358</load_address>
         <run_address>0x9358</run_address>
         <size>0x6a</size>
         <input_file_ref idref="fl-d2"/>
      </object_component>
      <object_component id="oc-7f3">
         <name>.text:COM_ReinitializeEEPROM</name>
         <load_address>0x93c4</load_address>
         <run_address>0x93c4</run_address>
         <size>0x68</size>
         <input_file_ref idref="fl-2"/>
      </object_component>
      <object_component id="oc-50b">
         <name>.text:IntDisable</name>
         <load_address>0x942c</load_address>
         <run_address>0x942c</run_address>
         <size>0x68</size>
         <input_file_ref idref="fl-ef"/>
      </object_component>
      <object_component id="oc-40e">
         <name>.text:IntEnable</name>
         <load_address>0x9494</load_address>
         <run_address>0x9494</run_address>
         <size>0x68</size>
         <input_file_ref idref="fl-ef"/>
      </object_component>
      <object_component id="oc-60e">
         <name>.text:UARTPeek</name>
         <load_address>0x94fc</load_address>
         <run_address>0x94fc</run_address>
         <size>0x68</size>
         <input_file_ref idref="fl-14"/>
      </object_component>
      <object_component id="oc-66b">
         <name>.text:prvCheckTasksWaitingTermination</name>
         <load_address>0x9564</load_address>
         <run_address>0x9564</run_address>
         <size>0x68</size>
         <input_file_ref idref="fl-10"/>
      </object_component>
      <object_component id="oc-4f7">
         <name>.text:vTaskPlaceOnEventList</name>
         <load_address>0x95cc</load_address>
         <run_address>0x95cc</run_address>
         <size>0x68</size>
         <input_file_ref idref="fl-10"/>
      </object_component>
      <object_component id="oc-64d">
         <name>.text:vListInsert</name>
         <load_address>0x9634</load_address>
         <run_address>0x9634</run_address>
         <size>0x66</size>
         <input_file_ref idref="fl-e"/>
      </object_component>
      <object_component id="oc-37">
         <name>.text:FaultISR</name>
         <load_address>0x969c</load_address>
         <run_address>0x969c</run_address>
         <size>0x64</size>
         <input_file_ref idref="fl-b"/>
      </object_component>
      <object_component id="oc-263">
         <name>.text:I2C_SetBitEthernetController</name>
         <load_address>0x9700</load_address>
         <run_address>0x9700</run_address>
         <size>0x64</size>
         <input_file_ref idref="fl-2"/>
      </object_component>
      <object_component id="oc-76b">
         <name>.text:COM_ResetTivaC</name>
         <load_address>0x9764</load_address>
         <run_address>0x9764</run_address>
         <size>0x60</size>
         <input_file_ref idref="fl-2"/>
      </object_component>
      <object_component id="oc-23f">
         <name>.text:I2C_WriteReadFromEthernetController</name>
         <load_address>0x97c4</load_address>
         <run_address>0x97c4</run_address>
         <size>0x60</size>
         <input_file_ref idref="fl-2"/>
      </object_component>
      <object_component id="oc-5d8">
         <name>.text:prvAllocateTCBAndStack</name>
         <load_address>0x9824</load_address>
         <run_address>0x9824</run_address>
         <size>0x5e</size>
         <input_file_ref idref="fl-10"/>
      </object_component>
      <object_component id="oc-557">
         <name>.text:prvAddCurrentTaskToDelayedList</name>
         <load_address>0x9884</load_address>
         <run_address>0x9884</run_address>
         <size>0x5c</size>
         <input_file_ref idref="fl-10"/>
      </object_component>
      <object_component id="oc-5e4">
         <name>.text:pxPortInitialiseStack</name>
         <load_address>0x98e0</load_address>
         <run_address>0x98e0</run_address>
         <size>0x5c</size>
         <input_file_ref idref="fl-11"/>
      </object_component>
      <object_component id="oc-601">
         <name>.text:LEDTask</name>
         <load_address>0x993c</load_address>
         <run_address>0x993c</run_address>
         <size>0x5a</size>
         <input_file_ref idref="fl-9"/>
      </object_component>
      <object_component id="oc-2b3">
         <name>.text:InterpreterTaskInit</name>
         <load_address>0x9998</load_address>
         <run_address>0x9998</run_address>
         <size>0x58</size>
         <input_file_ref idref="fl-7"/>
      </object_component>
      <object_component id="oc-2dd">
         <name>.text:GPIOIntTypeSet</name>
         <load_address>0x99f0</load_address>
         <run_address>0x99f0</run_address>
         <size>0x56</size>
         <input_file_ref idref="fl-ed"/>
      </object_component>
      <object_component id="oc-2b9">
         <name>.text:I2CManagerTaskInit</name>
         <load_address>0x9a48</load_address>
         <run_address>0x9a48</run_address>
         <size>0x54</size>
         <input_file_ref idref="fl-6"/>
      </object_component>
      <object_component id="oc-2bf">
         <name>.text:LoggerTaskInit</name>
         <load_address>0x9a9c</load_address>
         <run_address>0x9a9c</run_address>
         <size>0x54</size>
         <input_file_ref idref="fl-4"/>
      </object_component>
      <object_component id="oc-24">
         <name>.text</name>
         <load_address>0x9af0</load_address>
         <run_address>0x9af0</run_address>
         <size>0x54</size>
         <input_file_ref idref="fl-d0"/>
      </object_component>
      <object_component id="oc-a0">
         <name>.text</name>
         <load_address>0x9b44</load_address>
         <run_address>0x9b44</run_address>
         <size>0x54</size>
         <input_file_ref idref="fl-d4"/>
      </object_component>
      <object_component id="oc-779">
         <name>.text:COM_DeleteConfig</name>
         <load_address>0x9b98</load_address>
         <run_address>0x9b98</run_address>
         <size>0x50</size>
         <input_file_ref idref="fl-2"/>
      </object_component>
      <object_component id="oc-59b">
         <name>.text:prvHeapInit</name>
         <load_address>0x9be8</load_address>
         <run_address>0x9be8</run_address>
         <size>0x50</size>
         <input_file_ref idref="fl-13"/>
      </object_component>
      <object_component id="oc-426">
         <name>.text:I2CMasterInitExpClk</name>
         <load_address>0x9c38</load_address>
         <run_address>0x9c38</run_address>
         <size>0x4c</size>
         <input_file_ref idref="fl-ee"/>
      </object_component>
      <object_component id="oc-b2">
         <name>.text:UARTFlushTx</name>
         <load_address>0x9c84</load_address>
         <run_address>0x9c84</run_address>
         <size>0x4c</size>
         <input_file_ref idref="fl-14"/>
      </object_component>
      <object_component id="oc-185">
         <name>.text</name>
         <load_address>0x9cd0</load_address>
         <run_address>0x9cd0</run_address>
         <size>0x4c</size>
         <input_file_ref idref="fl-e6"/>
      </object_component>
      <object_component id="oc-3fc">
         <name>.text:GPIOPinConfigure</name>
         <load_address>0x9d1c</load_address>
         <run_address>0x9d1c</run_address>
         <size>0x48</size>
         <input_file_ref idref="fl-ed"/>
      </object_component>
      <object_component id="oc-46c">
         <name>.text:LogItemEEPROM</name>
         <load_address>0x9d64</load_address>
         <run_address>0x9d64</run_address>
         <size>0x48</size>
         <input_file_ref idref="fl-4"/>
      </object_component>
      <object_component id="oc-2c5">
         <name>.text:PortManagerTaskInit</name>
         <load_address>0x9dac</load_address>
         <run_address>0x9dac</run_address>
         <size>0x48</size>
         <input_file_ref idref="fl-a"/>
      </object_component>
      <object_component id="oc-1c9">
         <name>.text:uxListRemove</name>
         <load_address>0x9df4</load_address>
         <run_address>0x9df4</run_address>
         <size>0x48</size>
         <input_file_ref idref="fl-e"/>
      </object_component>
      <object_component id="oc-892">
         <name>.text</name>
         <load_address>0x9e3c</load_address>
         <run_address>0x9e3c</run_address>
         <size>0x44</size>
         <input_file_ref idref="fl-d6"/>
      </object_component>
      <object_component id="oc-518">
         <name>.text:xPortStartScheduler</name>
         <load_address>0x9e80</load_address>
         <run_address>0x9e80</run_address>
         <size>0x44</size>
         <input_file_ref idref="fl-11"/>
      </object_component>
      <object_component id="oc-44d">
         <name>.text:CreateProgressBar</name>
         <load_address>0x9ec4</load_address>
         <run_address>0x9ec4</run_address>
         <size>0x40</size>
         <input_file_ref idref="fl-2"/>
      </object_component>
      <object_component id="oc-4c3">
         <name>.text:_GPIOIntNumberGet</name>
         <load_address>0x9f04</load_address>
         <run_address>0x9f04</run_address>
         <size>0x40</size>
         <input_file_ref idref="fl-ed"/>
      </object_component>
      <object_component id="oc-61a">
         <name>.text</name>
         <load_address>0x9f44</load_address>
         <run_address>0x9f44</run_address>
         <size>0x40</size>
         <input_file_ref idref="fl-df"/>
      </object_component>
      <object_component id="oc-334">
         <name>.text</name>
         <load_address>0x9f84</load_address>
         <run_address>0x9f84</run_address>
         <size>0x40</size>
         <input_file_ref idref="fl-e1"/>
      </object_component>
      <object_component id="oc-86f">
         <name>.text:COM_DisableVLANS</name>
         <load_address>0x9fc4</load_address>
         <run_address>0x9fc4</run_address>
         <size>0x3c</size>
         <input_file_ref idref="fl-2"/>
      </object_component>
      <object_component id="oc-869">
         <name>.text:COM_EnableVLANS</name>
         <load_address>0xa000</load_address>
         <run_address>0xa000</run_address>
         <size>0x3c</size>
         <input_file_ref idref="fl-2"/>
      </object_component>
      <object_component id="oc-e0">
         <name>.text:IsBufferFull</name>
         <load_address>0xa03c</load_address>
         <run_address>0xa03c</run_address>
         <size>0x3c</size>
         <input_file_ref idref="fl-14"/>
      </object_component>
      <object_component id="oc-3ef">
         <name>.text:SSIConfigSetExpClk</name>
         <load_address>0xa078</load_address>
         <run_address>0xa078</run_address>
         <size>0x3c</size>
         <input_file_ref idref="fl-f0"/>
      </object_component>
      <object_component id="oc-80c">
         <name>.text:UARTgetc</name>
         <load_address>0xa0b4</load_address>
         <run_address>0xa0b4</run_address>
         <size>0x3c</size>
         <input_file_ref idref="fl-14"/>
      </object_component>
      <object_component id="oc-228">
         <name>.text:prvCopyDataFromQueue</name>
         <load_address>0xa0f0</load_address>
         <run_address>0xa0f0</run_address>
         <size>0x3c</size>
         <input_file_ref idref="fl-f"/>
      </object_component>
      <object_component id="oc-1c3">
         <name>.text:prvResetNextTaskUnblockTime</name>
         <load_address>0xa12c</load_address>
         <run_address>0xa12c</run_address>
         <size>0x3c</size>
         <input_file_ref idref="fl-10"/>
      </object_component>
      <object_component id="oc-1cf">
         <name>.text:vListInsertEnd</name>
         <load_address>0xa168</load_address>
         <run_address>0xa168</run_address>
         <size>0x3c</size>
         <input_file_ref idref="fl-e"/>
      </object_component>
      <object_component id="oc-6cd">
         <name>.text:GetBufferCount</name>
         <load_address>0xa1a4</load_address>
         <run_address>0xa1a4</run_address>
         <size>0x34</size>
         <input_file_ref idref="fl-14"/>
      </object_component>
      <object_component id="oc-4c9">
         <name>.text:IntRegister</name>
         <load_address>0xa1d8</load_address>
         <run_address>0xa1d8</run_address>
         <size>0x34</size>
         <input_file_ref idref="fl-ef"/>
      </object_component>
      <object_component id="oc-f2">
         <name>.text:UARTFlushRx</name>
         <load_address>0xa20c</load_address>
         <run_address>0xa20c</run_address>
         <size>0x34</size>
         <input_file_ref idref="fl-14"/>
      </object_component>
      <object_component id="oc-915">
         <name>.text:FindIndex</name>
         <load_address>0xa240</load_address>
         <run_address>0xa240</run_address>
         <size>0x30</size>
         <input_file_ref idref="fl-2"/>
      </object_component>
      <object_component id="oc-43f">
         <name>.text:vListInitialise</name>
         <load_address>0xa270</load_address>
         <run_address>0xa270</run_address>
         <size>0x30</size>
         <input_file_ref idref="fl-e"/>
      </object_component>
      <object_component id="oc-6ff">
         <name>.text:COM_Logout</name>
         <load_address>0xa2a0</load_address>
         <run_address>0xa2a0</run_address>
         <size>0x2c</size>
         <input_file_ref idref="fl-2"/>
      </object_component>
      <object_component id="oc-d4">
         <name>.text:IsBufferEmpty</name>
         <load_address>0xa2cc</load_address>
         <run_address>0xa2cc</run_address>
         <size>0x2c</size>
         <input_file_ref idref="fl-14"/>
      </object_component>
      <object_component id="oc-29b">
         <name>.text:UARTEchoSet</name>
         <load_address>0xa2f8</load_address>
         <run_address>0xa2f8</run_address>
         <size>0x2c</size>
         <input_file_ref idref="fl-14"/>
      </object_component>
      <object_component id="oc-48">
         <name>.text:xPortSysTickHandler</name>
         <load_address>0xa324</load_address>
         <run_address>0xa324</run_address>
         <size>0x2c</size>
         <input_file_ref idref="fl-11"/>
      </object_component>
      <object_component id="oc-4ba">
         <name>.text:GPIODirModeSet</name>
         <load_address>0xa350</load_address>
         <run_address>0xa350</run_address>
         <size>0x2a</size>
         <input_file_ref idref="fl-ed"/>
      </object_component>
      <object_component id="oc-6ea">
         <name>.text:NotImplementedFunction</name>
         <load_address>0xa37c</load_address>
         <run_address>0xa37c</run_address>
         <size>0x2a</size>
         <input_file_ref idref="fl-7"/>
      </object_component>
      <object_component id="oc-6d6">
         <name>.text</name>
         <load_address>0xa3a6</load_address>
         <run_address>0xa3a6</run_address>
         <size>0x2a</size>
         <input_file_ref idref="fl-ec"/>
      </object_component>
      <object_component id="oc-3a9">
         <name>.text:delayUs</name>
         <load_address>0xa3d0</load_address>
         <run_address>0xa3d0</run_address>
         <size>0x28</size>
         <input_file_ref idref="fl-3"/>
      </object_component>
      <object_component id="oc-4f1">
         <name>.text:prvIsQueueFull</name>
         <load_address>0xa3f8</load_address>
         <run_address>0xa3f8</run_address>
         <size>0x26</size>
         <input_file_ref idref="fl-f"/>
      </object_component>
      <object_component id="oc-ac">
         <name>.text:UARTprintf</name>
         <load_address>0xa41e</load_address>
         <run_address>0xa41e</run_address>
         <size>0x24</size>
         <input_file_ref idref="fl-14"/>
      </object_component>
      <object_component id="oc-459">
         <name>.text:delayMs</name>
         <load_address>0xa444</load_address>
         <run_address>0xa444</run_address>
         <size>0x24</size>
         <input_file_ref idref="fl-3"/>
      </object_component>
      <object_component id="oc-6dc">
         <name>.text</name>
         <load_address>0xa468</load_address>
         <run_address>0xa468</run_address>
         <size>0x24</size>
         <input_file_ref idref="fl-eb"/>
      </object_component>
      <object_component id="oc-4d3">
         <name>.text:vPortEnterCritical</name>
         <load_address>0xa48c</load_address>
         <run_address>0xa48c</run_address>
         <size>0x24</size>
         <input_file_ref idref="fl-11"/>
      </object_component>
      <object_component id="oc-4df">
         <name>.text:vTaskSetTimeOutState</name>
         <load_address>0xa4b0</load_address>
         <run_address>0xa4b0</run_address>
         <size>0x24</size>
         <input_file_ref idref="fl-10"/>
      </object_component>
      <object_component id="oc-34b">
         <name>.text:pcTaskGetTaskName</name>
         <load_address>0xa4d4</load_address>
         <run_address>0xa4d4</run_address>
         <size>0x20</size>
         <input_file_ref idref="fl-10"/>
      </object_component>
      <object_component id="oc-5c1">
         <name>.text:prvIsQueueEmpty</name>
         <load_address>0xa4f4</load_address>
         <run_address>0xa4f4</run_address>
         <size>0x20</size>
         <input_file_ref idref="fl-f"/>
      </object_component>
      <object_component id="oc-888">
         <name>.text</name>
         <load_address>0xa514</load_address>
         <run_address>0xa514</run_address>
         <size>0x20</size>
         <input_file_ref idref="fl-e2"/>
      </object_component>
      <object_component id="oc-8c0">
         <name>.text:UARTTxBytesFree</name>
         <load_address>0xa534</load_address>
         <run_address>0xa534</run_address>
         <size>0x1c</size>
         <input_file_ref idref="fl-14"/>
      </object_component>
      <object_component id="oc-5bb">
         <name>.text:pvTaskIncrementMutexHeldCount</name>
         <load_address>0xa550</load_address>
         <run_address>0xa550</run_address>
         <size>0x1c</size>
         <input_file_ref idref="fl-10"/>
      </object_component>
      <object_component id="oc-4d9">
         <name>.text:vPortExitCritical</name>
         <load_address>0xa56c</load_address>
         <run_address>0xa56c</run_address>
         <size>0x1c</size>
         <input_file_ref idref="fl-11"/>
      </object_component>
      <object_component id="oc-2d7">
         <name>.text:GPIOIntRegister</name>
         <load_address>0xa588</load_address>
         <run_address>0xa588</run_address>
         <size>0x18</size>
         <input_file_ref idref="fl-ed"/>
      </object_component>
      <object_component id="oc-3d7">
         <name>.text:GPIOPinTypeGPIOOutput</name>
         <load_address>0xa5a0</load_address>
         <run_address>0xa5a0</run_address>
         <size>0x18</size>
         <input_file_ref idref="fl-ed"/>
      </object_component>
      <object_component id="oc-608">
         <name>.text:UARTRxBytesAvail</name>
         <load_address>0xa5b8</load_address>
         <run_address>0xa5b8</run_address>
         <size>0x18</size>
         <input_file_ref idref="fl-14"/>
      </object_component>
      <object_component id="oc-5a">
         <name>.text:WatchdogIntHandler</name>
         <load_address>0xa5d0</load_address>
         <run_address>0xa5d0</run_address>
         <size>0x18</size>
         <input_file_ref idref="fl-5"/>
      </object_component>
      <object_component id="oc-9a">
         <name>.text</name>
         <load_address>0xa5e8</load_address>
         <run_address>0xa5e8</run_address>
         <size>0x18</size>
         <input_file_ref idref="fl-e4"/>
      </object_component>
      <object_component id="oc-537">
         <name>.text</name>
         <load_address>0xa600</load_address>
         <run_address>0xa600</run_address>
         <size>0x18</size>
         <input_file_ref idref="fl-dd"/>
      </object_component>
      <object_component id="oc-664">
         <name>.text:vPortSetupTimerInterrupt</name>
         <load_address>0xa618</load_address>
         <run_address>0xa618</run_address>
         <size>0x18</size>
         <input_file_ref idref="fl-11"/>
      </object_component>
      <object_component id="oc-41a">
         <name>.text:I2CSlaveAddressSet</name>
         <load_address>0xa630</load_address>
         <run_address>0xa630</run_address>
         <size>0x16</size>
         <input_file_ref idref="fl-ee"/>
      </object_component>
      <object_component id="oc-363">
         <name>.text:uxQueueMessagesWaiting</name>
         <load_address>0xa646</load_address>
         <run_address>0xa646</run_address>
         <size>0x16</size>
         <input_file_ref idref="fl-f"/>
      </object_component>
      <object_component id="oc-2fb">
         <name>.text:GPIOIntUnregister</name>
         <load_address>0xa65c</load_address>
         <run_address>0xa65c</run_address>
         <size>0x14</size>
         <input_file_ref idref="fl-ed"/>
      </object_component>
      <object_component id="oc-511">
         <name>.text:IntUnregister</name>
         <load_address>0xa670</load_address>
         <run_address>0xa670</run_address>
         <size>0x14</size>
         <input_file_ref idref="fl-ef"/>
      </object_component>
      <object_component id="oc-719">
         <name>.text:prvDeleteTCB</name>
         <load_address>0xa684</load_address>
         <run_address>0xa684</run_address>
         <size>0x14</size>
         <input_file_ref idref="fl-10"/>
      </object_component>
      <object_component id="oc-328">
         <name>.text</name>
         <load_address>0xa698</load_address>
         <run_address>0xa698</run_address>
         <size>0x14</size>
         <input_file_ref idref="fl-e3"/>
      </object_component>
      <object_component id="oc-628">
         <name>.text</name>
         <load_address>0xa6ac</load_address>
         <run_address>0xa6ac</run_address>
         <size>0x14</size>
         <input_file_ref idref="fl-de"/>
      </object_component>
      <object_component id="oc-357">
         <name>.text:xTaskGetTickCount</name>
         <load_address>0xa6c0</load_address>
         <run_address>0xa6c0</run_address>
         <size>0x14</size>
         <input_file_ref idref="fl-10"/>
      </object_component>
      <object_component id="oc-2cb">
         <name>.text:GPIOPinTypeGPIOInput</name>
         <load_address>0xa6d4</load_address>
         <run_address>0xa6d4</run_address>
         <size>0x12</size>
         <input_file_ref idref="fl-ed"/>
      </object_component>
      <object_component id="oc-402">
         <name>.text:GPIOPinTypeI2C</name>
         <load_address>0xa6e6</load_address>
         <run_address>0xa6e6</run_address>
         <size>0x12</size>
         <input_file_ref idref="fl-ed"/>
      </object_component>
      <object_component id="oc-408">
         <name>.text:GPIOPinTypeI2CSCL</name>
         <load_address>0xa6f8</load_address>
         <run_address>0xa6f8</run_address>
         <size>0x12</size>
         <input_file_ref idref="fl-ed"/>
      </object_component>
      <object_component id="oc-3e3">
         <name>.text:GPIOPinTypeSSI</name>
         <load_address>0xa70a</load_address>
         <run_address>0xa70a</run_address>
         <size>0x12</size>
         <input_file_ref idref="fl-ed"/>
      </object_component>
      <object_component id="oc-42c">
         <name>.text:I2CSlaveEnable</name>
         <load_address>0xa71c</load_address>
         <run_address>0xa71c</run_address>
         <size>0x10</size>
         <input_file_ref idref="fl-ee"/>
      </object_component>
      <object_component id="oc-82d">
         <name>.text:SysCtlReset</name>
         <load_address>0xa72c</load_address>
         <run_address>0xa72c</run_address>
         <size>0x10</size>
         <input_file_ref idref="fl-f1"/>
      </object_component>
      <object_component id="oc-6b6">
         <name>.text:prvTaskExitError</name>
         <load_address>0xa73c</load_address>
         <run_address>0xa73c</run_address>
         <size>0x10</size>
         <input_file_ref idref="fl-11"/>
      </object_component>
      <object_component id="oc-6af">
         <name>.text:vListInitialiseItem</name>
         <load_address>0xa74c</load_address>
         <run_address>0xa74c</run_address>
         <size>0x10</size>
         <input_file_ref idref="fl-e"/>
      </object_component>
      <object_component id="oc-4e5">
         <name>.text:vTaskSuspendAll</name>
         <load_address>0xa75c</load_address>
         <run_address>0xa75c</run_address>
         <size>0x10</size>
         <input_file_ref idref="fl-10"/>
      </object_component>
      <object_component id="oc-2f5">
         <name>.text:GPIOIntDisable</name>
         <load_address>0xa76c</load_address>
         <run_address>0xa76c</run_address>
         <size>0xe</size>
         <input_file_ref idref="fl-ed"/>
      </object_component>
      <object_component id="oc-414">
         <name>.text:I2CSlaveInit</name>
         <load_address>0xa77a</load_address>
         <run_address>0xa77a</run_address>
         <size>0xe</size>
         <input_file_ref idref="fl-ee"/>
      </object_component>
      <object_component id="oc-125">
         <name>.text:I2CSlaveIntDisable</name>
         <load_address>0xa788</load_address>
         <run_address>0xa788</run_address>
         <size>0xe</size>
         <input_file_ref idref="fl-ee"/>
      </object_component>
      <object_component id="oc-143">
         <name>.text:I2CSlaveIntEnable</name>
         <load_address>0xa796</load_address>
         <run_address>0xa796</run_address>
         <size>0xe</size>
         <input_file_ref idref="fl-ee"/>
      </object_component>
      <object_component id="oc-113">
         <name>.text:I2CSlaveIntStatusEx</name>
         <load_address>0xa7a4</load_address>
         <run_address>0xa7a4</run_address>
         <size>0xe</size>
         <input_file_ref idref="fl-ee"/>
      </object_component>
      <object_component id="oc-52b">
         <name>.text:UARTCharGetNonBlocking</name>
         <load_address>0xa7b2</load_address>
         <run_address>0xa7b2</run_address>
         <size>0xe</size>
         <input_file_ref idref="fl-f2"/>
      </object_component>
      <object_component id="oc-531">
         <name>.text:UARTCharsAvail</name>
         <load_address>0xa7c0</load_address>
         <run_address>0xa7c0</run_address>
         <size>0xe</size>
         <input_file_ref idref="fl-f2"/>
      </object_component>
      <object_component id="oc-12">
         <name>.text:decompress:none</name>
         <load_address>0xa7ce</load_address>
         <run_address>0xa7ce</run_address>
         <size>0xe</size>
         <input_file_ref idref="fl-d1"/>
      </object_component>
      <object_component id="oc-2e3">
         <name>.text:GPIOIntEnable</name>
         <load_address>0xa7dc</load_address>
         <run_address>0xa7dc</run_address>
         <size>0xc</size>
         <input_file_ref idref="fl-ed"/>
      </object_component>
      <object_component id="oc-257">
         <name>.text:I2CNotImplementedFunction</name>
         <load_address>0xa7e8</load_address>
         <run_address>0xa7e8</run_address>
         <size>0xc</size>
         <input_file_ref idref="fl-6"/>
      </object_component>
      <object_component id="oc-420">
         <name>.text:I2CSlaveIntEnableEx</name>
         <load_address>0xa7f4</load_address>
         <run_address>0xa7f4</run_address>
         <size>0xc</size>
         <input_file_ref idref="fl-ee"/>
      </object_component>
      <object_component id="oc-47e">
         <name>.text:SSIDataGet</name>
         <load_address>0xa800</load_address>
         <run_address>0xa800</run_address>
         <size>0xc</size>
         <input_file_ref idref="fl-f0"/>
      </object_component>
      <object_component id="oc-654">
         <name>.text:vTaskMissedYield</name>
         <load_address>0xa80c</load_address>
         <run_address>0xa80c</run_address>
         <size>0xc</size>
         <input_file_ref idref="fl-10"/>
      </object_component>
      <object_component id="oc-592">
         <name>.text:I2CMasterEnable</name>
         <load_address>0xa818</load_address>
         <run_address>0xa818</run_address>
         <size>0xa</size>
         <input_file_ref idref="fl-ee"/>
      </object_component>
      <object_component id="oc-478">
         <name>.text:SSIDataPut</name>
         <load_address>0xa822</load_address>
         <run_address>0xa822</run_address>
         <size>0xa</size>
         <input_file_ref idref="fl-f0"/>
      </object_component>
      <object_component id="oc-3f5">
         <name>.text:SSIEnable</name>
         <load_address>0xa82c</load_address>
         <run_address>0xa82c</run_address>
         <size>0xa</size>
         <input_file_ref idref="fl-f0"/>
      </object_component>
      <object_component id="oc-51e">
         <name>.text:prvIdleTask</name>
         <load_address>0xa836</load_address>
         <run_address>0xa836</run_address>
         <size>0xa</size>
         <input_file_ref idref="fl-10"/>
      </object_component>
      <object_component id="oc-903">
         <name>.text:I2CMasterBusy</name>
         <load_address>0xa840</load_address>
         <run_address>0xa840</run_address>
         <size>0x8</size>
         <input_file_ref idref="fl-ee"/>
      </object_component>
      <object_component id="oc-432">
         <name>.text:I2CMasterSlaveAddrSet</name>
         <load_address>0xa848</load_address>
         <run_address>0xa848</run_address>
         <size>0x8</size>
         <input_file_ref idref="fl-ee"/>
      </object_component>
      <object_component id="oc-484">
         <name>.text:SSIBusy</name>
         <load_address>0xa850</load_address>
         <run_address>0xa850</run_address>
         <size>0x8</size>
         <input_file_ref idref="fl-f0"/>
      </object_component>
      <object_component id="oc-525">
         <name>.text:GPIOIntClear</name>
         <load_address>0xa858</load_address>
         <run_address>0xa858</run_address>
         <size>0x6</size>
         <input_file_ref idref="fl-ed"/>
      </object_component>
      <object_component id="oc-2e9">
         <name>.text:GPIOPinRead</name>
         <load_address>0xa85e</load_address>
         <run_address>0xa85e</run_address>
         <size>0x6</size>
         <input_file_ref idref="fl-ed"/>
      </object_component>
      <object_component id="oc-3dd">
         <name>.text:GPIOPinWrite</name>
         <load_address>0xa864</load_address>
         <run_address>0xa864</run_address>
         <size>0x6</size>
         <input_file_ref idref="fl-ed"/>
      </object_component>
      <object_component id="oc-131">
         <name>.text:I2CSlaveDataGet</name>
         <load_address>0xa86a</load_address>
         <run_address>0xa86a</run_address>
         <size>0x6</size>
         <input_file_ref idref="fl-ee"/>
      </object_component>
      <object_component id="oc-3af">
         <name>.text:I2CSlaveDataPut</name>
         <load_address>0xa870</load_address>
         <run_address>0xa870</run_address>
         <size>0x6</size>
         <input_file_ref idref="fl-ee"/>
      </object_component>
      <object_component id="oc-11f">
         <name>.text:I2CSlaveIntClearEx</name>
         <load_address>0xa876</load_address>
         <run_address>0xa876</run_address>
         <size>0x6</size>
         <input_file_ref idref="fl-ee"/>
      </object_component>
      <object_component id="oc-119">
         <name>.text:I2CSlaveStatus</name>
         <load_address>0xa87c</load_address>
         <run_address>0xa87c</run_address>
         <size>0x6</size>
         <input_file_ref idref="fl-ee"/>
      </object_component>
      <object_component id="oc-2b">
         <name>.text:ResetISR</name>
         <load_address>0xa882</load_address>
         <run_address>0xa882</run_address>
         <size>0x6</size>
         <input_file_ref idref="fl-b"/>
      </object_component>
      <object_component id="oc-3ca">
         <name>.text:UARTClockSourceSet</name>
         <load_address>0xa888</load_address>
         <run_address>0xa888</run_address>
         <size>0x6</size>
         <input_file_ref idref="fl-f2"/>
      </object_component>
      <object_component id="oc-18">
         <name>.text:decompress:rle24</name>
         <load_address>0xa88e</load_address>
         <run_address>0xa88e</run_address>
         <size>0x6</size>
         <input_file_ref idref="fl-d2"/>
      </object_component>
      <object_component id="oc-3b5">
         <name>.text:I2CMasterControl</name>
         <load_address>0xa894</load_address>
         <run_address>0xa894</run_address>
         <size>0x4</size>
         <input_file_ref idref="fl-ee"/>
      </object_component>
      <object_component id="oc-137">
         <name>.text:I2CMasterDataGet</name>
         <load_address>0xa898</load_address>
         <run_address>0xa898</run_address>
         <size>0x4</size>
         <input_file_ref idref="fl-ee"/>
      </object_component>
      <object_component id="oc-8fd">
         <name>.text:I2CMasterDataPut</name>
         <load_address>0xa89c</load_address>
         <run_address>0xa89c</run_address>
         <size>0x4</size>
         <input_file_ref idref="fl-ee"/>
      </object_component>
      <object_component id="oc-8e">
         <name>.text</name>
         <load_address>0xa8a0</load_address>
         <run_address>0xa8a0</run_address>
         <size>0x4</size>
         <input_file_ref idref="fl-db"/>
      </object_component>
      <object_component id="oc-882">
         <name>.const:PortConfigMappings</name>
         <load_address>0xa8a4</load_address>
         <run_address>0xa8a4</run_address>
         <size>0x1130</size>
         <input_file_ref idref="fl-2"/>
      </object_component>
      <object_component id="oc-6e9">
         <name>.const:.string</name>
         <load_address>0xb9d4</load_address>
         <run_address>0xb9d4</run_address>
         <size>0xed6</size>
         <input_file_ref idref="fl-7"/>
      </object_component>
      <object_component id="oc-5a4">
         <name>.const</name>
         <load_address>0xc8aa</load_address>
         <run_address>0xc8aa</run_address>
         <size>0x2</size>
         <input_file_ref idref="fl-13"/>
      </object_component>
      <object_component id="oc-8b8">
         <name>.const:GlobalConfigMappings</name>
         <load_address>0xc8ac</load_address>
         <run_address>0xc8ac</run_address>
         <size>0xc08</size>
         <input_file_ref idref="fl-2"/>
      </object_component>
      <object_component id="oc-14d">
         <name>.const:I2C_Mappings</name>
         <load_address>0xd4b4</load_address>
         <run_address>0xd4b4</run_address>
         <size>0x8c0</size>
         <input_file_ref idref="fl-5"/>
      </object_component>
      <object_component id="oc-62f">
         <name>.const:I2C_Mappings</name>
         <load_address>0xdd74</load_address>
         <run_address>0xdd74</run_address>
         <size>0x8c0</size>
         <input_file_ref idref="fl-6"/>
      </object_component>
      <object_component id="oc-8cd">
         <name>.const:.string</name>
         <load_address>0xe634</load_address>
         <run_address>0xe634</run_address>
         <size>0x69e</size>
         <input_file_ref idref="fl-2"/>
      </object_component>
      <object_component id="oc-746">
         <name>.const:Port_Options</name>
         <load_address>0xecd4</load_address>
         <run_address>0xecd4</run_address>
         <size>0x564</size>
         <input_file_ref idref="fl-7"/>
      </object_component>
      <object_component id="oc-6f9">
         <name>.const:System_Commands</name>
         <load_address>0xf238</load_address>
         <run_address>0xf238</run_address>
         <size>0x398</size>
         <input_file_ref idref="fl-7"/>
      </object_component>
      <object_component id="oc-625">
         <name>.const:Command_Categories</name>
         <load_address>0xf5d0</load_address>
         <run_address>0xf5d0</run_address>
         <size>0x284</size>
         <input_file_ref idref="fl-7"/>
      </object_component>
      <object_component id="oc-7c6">
         <name>.const:Duplex_Settings</name>
         <load_address>0xf854</load_address>
         <run_address>0xf854</run_address>
         <size>0x1cc</size>
         <input_file_ref idref="fl-7"/>
      </object_component>
      <object_component id="oc-753">
         <name>.const:EEPROM_Options</name>
         <load_address>0xfa20</load_address>
         <run_address>0xfa20</run_address>
         <size>0x1cc</size>
         <input_file_ref idref="fl-7"/>
      </object_component>
      <object_component id="oc-741">
         <name>.const:Event_Options</name>
         <load_address>0xfbec</load_address>
         <run_address>0xfbec</run_address>
         <size>0x1cc</size>
         <input_file_ref idref="fl-7"/>
      </object_component>
      <object_component id="oc-6f3">
         <name>.const:Port_Commands</name>
         <load_address>0xfdb8</load_address>
         <run_address>0xfdb8</run_address>
         <size>0x1cc</size>
         <input_file_ref idref="fl-7"/>
      </object_component>
      <object_component id="oc-7cf">
[...]
      </symbol>
      <symbol id="sm-e8a">
         <name>vPortExitCritical</name>
         <value>0xa56d</value>
         <object_component_ref idref="oc-4d9"/>
      </symbol>
      <symbol id="sm-e8b">
         <name>xPortStartScheduler</name>
         <value>0x9e81</value>
         <object_component_ref idref="oc-518"/>
      </symbol>
      <symbol id="sm-e8c">
         <name>vPortEnterCritical</name>
         <value>0xa48d</value>
         <object_component_ref idref="oc-4d3"/>
      </symbol>
      <symbol id="sm-e9b">
         <name>vPortStartFirstTask</name>
         <value>0x7ba9</value>
         <object_component_ref idref="oc-43"/>
      </symbol>
      <symbol id="sm-e9c">
         <name>ulPortGetIPSR</name>
         <value>0x7b11</value>
         <object_component_ref idref="oc-43"/>
      </symbol>
      <symbol id="sm-e9d">
         <name>vPortEnableVFP</name>
         <value>0x7bc5</value>
         <object_component_ref idref="oc-43"/>
      </symbol>
      <symbol id="sm-e9e">
         <name>xPortPendSVHandler</name>
         <value>0x7b29</value>
         <object_component_ref idref="oc-43"/>
      </symbol>
      <symbol id="sm-e9f">
         <name>vPortSVCHandler</name>
         <value>0x7b89</value>
         <object_component_ref idref="oc-43"/>
      </symbol>
      <symbol id="sm-f00">
         <name>pvPortMalloc</name>
         <value>0x6681</value>
         <object_component_ref idref="oc-439"/>
      </symbol>
      <symbol id="sm-f01">
         <name>vPortFree</name>
         <value>0x919d</value>
         <object_component_ref idref="oc-6a8"/>
      </symbol>
      <symbol id="sm-107b">
         <name>UARTTxBytesFree</name>
         <value>0xa535</value>
         <object_component_ref idref="oc-8c0"/>
      </symbol>
      <symbol id="sm-107c">
         <name>UARTFlushRx</name>
         <value>0xa20d</value>
         <object_component_ref idref="oc-f2"/>
      </symbol>
      <symbol id="sm-107d">
         <name>UARTgetc</name>
         <value>0xa0b5</value>
         <object_component_ref idref="oc-80c"/>
      </symbol>
      <symbol id="sm-107e">
         <name>UARTgets</name>
         <value>0x8c4d</value>
         <object_component_ref idref="oc-e6"/>
      </symbol>
      <symbol id="sm-107f">
         <name>UARTFlushTx</name>
         <value>0x9c85</value>
         <object_component_ref idref="oc-b2"/>
      </symbol>
      <symbol id="sm-1080">
         <name>UARTStdioConfig</name>
         <value>0x7a29</value>
         <object_component_ref idref="oc-3d0"/>
      </symbol>
      <symbol id="sm-1081">
         <name>UARTStdioIntHandler</name>
         <value>0x4ba1</value>
         <object_component_ref idref="oc-4e"/>
      </symbol>
      <symbol id="sm-1082">
         <name>UARTRxBytesAvail</name>
         <value>0xa5b9</value>
         <object_component_ref idref="oc-608"/>
      </symbol>
      <symbol id="sm-1083">
         <name>UARTwrite</name>
         <value>0x7ee5</value>
         <object_component_ref idref="oc-da"/>
      </symbol>
      <symbol id="sm-1084">
         <name>UARTPeek</name>
         <value>0x94fd</value>
         <object_component_ref idref="oc-60e"/>
      </symbol>
      <symbol id="sm-1085">
         <name>UARTEchoSet</name>
         <value>0xa2f9</value>
         <object_component_ref idref="oc-29b"/>
      </symbol>
      <symbol id="sm-1086">
         <name>UARTprintf</name>
         <value>0xa41f</value>
         <object_component_ref idref="oc-ac"/>
      </symbol>
      <symbol id="sm-1087">
         <name>UARTvprintf</name>
         <value>0x3749</value>
         <object_component_ref idref="oc-1a6"/>
      </symbol>
      <symbol id="sm-1099">
         <name>_c_int00</name>
         <value>0x9af1</value>
         <object_component_ref idref="oc-24"/>
      </symbol>
      <symbol id="sm-109a">
         <name>__stack</name>
         <value>0x20005f30</value>
         <object_component_ref idref="oc-2a"/>
      </symbol>
      <symbol id="sm-10b1">
         <name>__TI_decompress_none</name>
         <value>0xa7cf</value>
         <object_component_ref idref="oc-12"/>
      </symbol>
      <symbol id="sm-10d4">
         <name>__TI_decompress_rle24</name>
         <value>0xa88f</value>
         <object_component_ref idref="oc-18"/>
      </symbol>
      <symbol id="sm-10f6">
         <name>C$$EXIT</name>
         <value>0x9b45</value>
         <object_component_ref idref="oc-a0"/>
      </symbol>
      <symbol id="sm-10f7">
         <name>abort</name>
         <value>0x9b49</value>
         <object_component_ref idref="oc-a0"/>
      </symbol>
      <symbol id="sm-10f8">
         <name>exit</name>
         <value>0x9b51</value>
         <object_component_ref idref="oc-a0"/>
      </symbol>
      <symbol id="sm-10f9">
         <name>__TI_dtors_ptr</name>
         <value>0x20005ef8</value>
         <object_component_ref idref="oc-19b"/>
      </symbol>
      <symbol id="sm-10fa">
         <name>__TI_cleanup_ptr</name>
         <value>0x20005ef4</value>
         <object_component_ref idref="oc-19b"/>
      </symbol>
      <symbol id="sm-10fb">
         <name>__TI_enable_exit_profile_output</name>
         <value>0x20005efc</value>
         <object_component_ref idref="oc-19b"/>
      </symbol>
      <symbol id="sm-1106">
         <name>__aeabi_dmul</name>
         <value>0x6ff1</value>
         <object_component_ref idref="oc-88d"/>
      </symbol>
      <symbol id="sm-1110">
         <name>__aeabi_d2uiz</name>
         <value>0x9e3d</value>
         <object_component_ref idref="oc-892"/>
      </symbol>
      <symbol id="sm-112c">
         <name>memcpy</name>
         <value>0x8725</value>
         <object_component_ref idref="oc-63"/>
      </symbol>
      <symbol id="sm-112d">
         <name>__aeabi_memcpy</name>
         <value>0x8725</value>
         <object_component_ref idref="oc-63"/>
      </symbol>
      <symbol id="sm-112e">
         <name>__aeabi_memcpy8</name>
         <value>0x8725</value>
         <object_component_ref idref="oc-63"/>
      </symbol>
      <symbol id="sm-112f">
         <name>__aeabi_memcpy4</name>
         <value>0x8725</value>
         <object_component_ref idref="oc-63"/>
      </symbol>
      <symbol id="sm-113e">
         <name>__aeabi_memset</name>
         <value>0x8ee5</value>
         <object_component_ref idref="oc-7c"/>
      </symbol>
      <symbol id="sm-113f">
         <name>memset</name>
         <value>0x8eeb</value>
         <object_component_ref idref="oc-7c"/>
      </symbol>
      <symbol id="sm-1140">
         <name>__aeabi_memset8</name>
         <value>0x8ee5</value>
         <object_component_ref idref="oc-7c"/>
      </symbol>
      <symbol id="sm-1141">
         <name>__aeabi_memset4</name>
         <value>0x8ee5</value>
         <object_component_ref idref="oc-7c"/>
      </symbol>
      <symbol id="sm-1142">
         <name>__aeabi_memclr8</name>
         <value>0x8ee3</value>
         <object_component_ref idref="oc-7c"/>
      </symbol>
      <symbol id="sm-1143">
         <name>__aeabi_memclr4</name>
         <value>0x8ee3</value>
         <object_component_ref idref="oc-7c"/>
      </symbol>
      <symbol id="sm-1144">
         <name>__aeabi_memclr</name>
         <value>0x8ee3</value>
         <object_component_ref idref="oc-7c"/>
      </symbol>
      <symbol id="sm-114e">
         <name>__mpu_init</name>
         <value>0x6437</value>
         <object_component_ref idref="oc-88"/>
      </symbol>
      <symbol id="sm-1158">
         <name>_system_pre_init</name>
         <value>0xa8a1</value>
         <object_component_ref idref="oc-8e"/>
      </symbol>
      <symbol id="sm-1160">
         <name>main_func_sp</name>
         <value>0x20005f28</value>
         <object_component_ref idref="oc-a6"/>
      </symbol>
      <symbol id="sm-116f">
         <name>strcmp</name>
         <value>0xa601</value>
         <object_component_ref idref="oc-537"/>
      </symbol>
      <symbol id="sm-117d">
         <name>strlen</name>
         <value>0xa6ad</value>
         <object_component_ref idref="oc-628"/>
      </symbol>
      <symbol id="sm-1195">
         <name>strtok</name>
         <value>0x9f45</value>
         <object_component_ref idref="oc-61a"/>
      </symbol>
      <symbol id="sm-11ba">
         <name>strtol</name>
         <value>0x609d</value>
         <object_component_ref idref="oc-85b"/>
      </symbol>
      <symbol id="sm-11c9">
         <name>__aeabi_uidivmod</name>
         <value>0x9f85</value>
         <object_component_ref idref="oc-334"/>
      </symbol>
      <symbol id="sm-11ca">
         <name>__aeabi_uidiv</name>
         <value>0x9f85</value>
         <object_component_ref idref="oc-334"/>
      </symbol>
      <symbol id="sm-11d4">
         <name>__aeabi_ui2d</name>
         <value>0xa515</value>
         <object_component_ref idref="oc-888"/>
      </symbol>
      <symbol id="sm-11ed">
         <name>_nop</name>
         <value>0xa6a7</value>
         <object_component_ref idref="oc-328"/>
      </symbol>
      <symbol id="sm-11ee">
         <name>_lock</name>
         <value>0x20005f00</value>
         <object_component_ref idref="oc-19e"/>
      </symbol>
      <symbol id="sm-11ef">
         <name>_unlock</name>
         <value>0x20005f04</value>
         <object_component_ref idref="oc-19e"/>
      </symbol>
      <symbol id="sm-11f0">
         <name>_register_lock</name>
         <value>0xa69f</value>
         <object_component_ref idref="oc-328"/>
      </symbol>
      <symbol id="sm-11f1">
         <name>_register_unlock</name>
         <value>0xa699</value>
         <object_component_ref idref="oc-328"/>
      </symbol>
      <symbol id="sm-1205">
         <name>_args_main</name>
         <value>0xa5e9</value>
         <object_component_ref idref="oc-9a"/>
      </symbol>
      <symbol id="sm-122a">
         <name>__TI_auto_init</name>
         <value>0x912d</value>
         <object_component_ref idref="oc-94"/>
      </symbol>
      <symbol id="sm-1244">
         <name>copy_in</name>
         <value>0x9cd1</value>
         <object_component_ref idref="oc-185"/>
      </symbol>
      <symbol id="sm-124f">
         <name>_ctypes_</name>
         <value>0x10c74</value>
         <object_component_ref idref="oc-8d4"/>
      </symbol>
      <symbol id="sm-1257">
         <name>errno</name>
         <value>0x20005f24</value>
         <object_component_ref idref="oc-8d7"/>
      </symbol>
      <symbol id="sm-1261">
         <name>__aeabi_idiv0</name>
         <value>0x5e2b</value>
         <object_component_ref idref="oc-544"/>
      </symbol>
      <symbol id="sm-126b">
         <name>_system_post_cinit</name>
         <value>0x794b</value>
         <object_component_ref idref="oc-18b"/>
      </symbol>
      <symbol id="sm-127c">
         <name>strcspn</name>
         <value>0xa469</value>
         <object_component_ref idref="oc-6dc"/>
      </symbol>
      <symbol id="sm-128e">
         <name>strspn</name>
         <value>0xa3a7</value>
         <object_component_ref idref="oc-6d6"/>
      </symbol>
      <symbol id="sm-133f">
         <name>GPIOIntRegister</name>
         <value>0xa589</value>
         <object_component_ref idref="oc-2d7"/>
      </symbol>
      <symbol id="sm-1340">
         <name>GPIOPinConfigure</name>
         <value>0x9d1d</value>
         <object_component_ref idref="oc-3fc"/>
      </symbol>
      <symbol id="sm-1341">
         <name>GPIOPinTypeI2CSCL</name>
         <value>0xa6f9</value>
         <object_component_ref idref="oc-408"/>
      </symbol>
      <symbol id="sm-1342">
         <name>GPIOIntDisable</name>
         <value>0xa76d</value>
         <object_component_ref idref="oc-2f5"/>
      </symbol>
      <symbol id="sm-1343">
         <name>GPIOIntEnable</name>
         <value>0xa7dd</value>
         <object_component_ref idref="oc-2e3"/>
      </symbol>
      <symbol id="sm-1344">
         <name>GPIOPinTypeI2C</name>
         <value>0xa6e7</value>
         <object_component_ref idref="oc-402"/>
      </symbol>
      <symbol id="sm-1345">
         <name>GPIOIntTypeSet</name>
         <value>0x99f1</value>
         <object_component_ref idref="oc-2dd"/>
      </symbol>
      <symbol id="sm-1346">
         <name>GPIOPinTypeGPIOInput</name>
         <value>0xa6d5</value>
         <object_component_ref idref="oc-2cb"/>
      </symbol>
      <symbol id="sm-1347">
         <name>GPIOIntUnregister</name>
         <value>0xa65d</value>
         <object_component_ref idref="oc-2fb"/>
      </symbol>
      <symbol id="sm-1348">
         <name>GPIOIntClear</name>
         <value>0xa859</value>
         <object_component_ref idref="oc-525"/>
      </symbol>
      <symbol id="sm-1349">
         <name>GPIOPinTypeGPIOOutput</name>
         <value>0xa5a1</value>
         <object_component_ref idref="oc-3d7"/>
      </symbol>
      <symbol id="sm-134a">
         <name>GPIOPinRead</name>
         <value>0xa85f</value>
         <object_component_ref idref="oc-2e9"/>
      </symbol>
      <symbol id="sm-134b">
         <name>GPIODirModeSet</name>
         <value>0xa351</value>
         <object_component_ref idref="oc-4ba"/>
      </symbol>
      <symbol id="sm-134c">
         <name>GPIOPinWrite</name>
         <value>0xa865</value>
         <object_component_ref idref="oc-3dd"/>
      </symbol>
      <symbol id="sm-134d">
         <name>GPIOPadConfigSet</name>
         <value>0x6305</value>
         <object_component_ref idref="oc-2d1"/>
      </symbol>
      <symbol id="sm-134e">
         <name>GPIOPinTypeSSI</name>
         <value>0xa70b</value>
         <object_component_ref idref="oc-3e3"/>
      </symbol>
      <symbol id="sm-13e8">
         <name>I2CSlaveIntDisable</name>
         <value>0xa789</value>
         <object_component_ref idref="oc-125"/>
      </symbol>
      <symbol id="sm-13e9">
         <name>I2CSlaveIntEnable</name>
         <value>0xa797</value>
         <object_component_ref idref="oc-143"/>
      </symbol>
      <symbol id="sm-13ea">
         <name>I2CMasterDataPut</name>
         <value>0xa89d</value>
         <object_component_ref idref="oc-8fd"/>
      </symbol>
      <symbol id="sm-13eb">
         <name>I2CMasterInitExpClk</name>
         <value>0x9c39</value>
         <object_component_ref idref="oc-426"/>
      </symbol>
      <symbol id="sm-13ec">
         <name>I2CSlaveIntEnableEx</name>
         <value>0xa7f5</value>
         <object_component_ref idref="oc-420"/>
      </symbol>
      <symbol id="sm-13ed">
         <name>I2CSlaveIntClearEx</name>
         <value>0xa877</value>
         <object_component_ref idref="oc-11f"/>
      </symbol>
      <symbol id="sm-13ee">
         <name>I2CSlaveDataGet</name>
         <value>0xa86b</value>
         <object_component_ref idref="oc-131"/>
      </symbol>
      <symbol id="sm-13ef">
         <name>I2CSlaveEnable</name>
         <value>0xa71d</value>
         <object_component_ref idref="oc-42c"/>
      </symbol>
      <symbol id="sm-13f0">
         <name>I2CMasterSlaveAddrSet</name>
         <value>0xa849</value>
         <object_component_ref idref="oc-432"/>
      </symbol>
      <symbol id="sm-13f1">
         <name>I2CMasterDataGet</name>
         <value>0xa899</value>
         <object_component_ref idref="oc-137"/>
      </symbol>
      <symbol id="sm-13f2">
         <name>I2CSlaveDataPut</name>
         <value>0xa871</value>
         <object_component_ref idref="oc-3af"/>
      </symbol>
      <symbol id="sm-13f3">
         <name>I2CSlaveStatus</name>
         <value>0xa87d</value>
         <object_component_ref idref="oc-119"/>
      </symbol>
      <symbol id="sm-13f4">
         <name>I2CMasterControl</name>
         <value>0xa895</value>
         <object_component_ref idref="oc-3b5"/>
      </symbol>
      <symbol id="sm-13f5">
         <name>I2CSlaveIntStatusEx</name>
         <value>0xa7a5</value>
         <object_component_ref idref="oc-113"/>
      </symbol>
      <symbol id="sm-13f6">
         <name>I2CMasterBusy</name>
         <value>0xa841</value>
         <object_component_ref idref="oc-903"/>
      </symbol>
      <symbol id="sm-13f7">
         <name>I2CSlaveAddressSet</name>
         <value>0xa631</value>
         <object_component_ref idref="oc-41a"/>
      </symbol>
      <symbol id="sm-13f8">
         <name>I2CMasterEnable</name>
         <value>0xa819</value>
         <object_component_ref idref="oc-592"/>
      </symbol>
      <symbol id="sm-13f9">
         <name>I2CSlaveInit</name>
         <value>0xa77b</value>
         <object_component_ref idref="oc-414"/>
      </symbol>
      <symbol id="sm-145a">
         <name>IntEnable</name>
         <value>0x9495</value>
         <object_component_ref idref="oc-40e"/>
      </symbol>
      <symbol id="sm-145b">
         <name>IntDisable</name>
         <value>0x942d</value>
         <object_component_ref idref="oc-50b"/>
      </symbol>
      <symbol id="sm-145c">
         <name>IntRegister</name>
         <value>0xa1d9</value>
         <object_component_ref idref="oc-4c9"/>
      </symbol>
      <symbol id="sm-145d">
         <name>IntUnregister</name>
         <value>0xa671</value>
         <object_component_ref idref="oc-511"/>
      </symbol>
      <symbol id="sm-145e">
         <name>g_pfnRAMVectors</name>
         <value>0x20000000</value>
         <object_component_ref idref="oc-640"/>
      </symbol>
      <symbol id="sm-148e">
         <name>SSIDataPut</name>
         <value>0xa823</value>
         <object_component_ref idref="oc-478"/>
      </symbol>
      <symbol id="sm-148f">
         <name>SSIDataGet</name>
         <value>0xa801</value>
         <object_component_ref idref="oc-47e"/>
      </symbol>
      <symbol id="sm-1490">
         <name>SSIConfigSetExpClk</name>
         <value>0xa079</value>
         <object_component_ref idref="oc-3ef"/>
      </symbol>
      <symbol id="sm-1491">
         <name>SSIEnable</name>
         <value>0xa82d</value>
         <object_component_ref idref="oc-3f5"/>
      </symbol>
      <symbol id="sm-1492">
         <name>SSIBusy</name>
         <value>0xa851</value>
         <object_component_ref idref="oc-484"/>
      </symbol>
      <symbol id="sm-14ce">
         <name>SysCtlReset</name>
         <value>0xa72d</value>
         <object_component_ref idref="oc-82d"/>
      </symbol>
      <symbol id="sm-14cf">
         <name>SysCtlClockGet</name>
         <value>0x69c9</value>
         <object_component_ref idref="oc-3e9"/>
      </symbol>
      <symbol id="sm-14ec">
         <name>UARTCharsAvail</name>
         <value>0xa7c1</value>
         <object_component_ref idref="oc-531"/>
      </symbol>
      <symbol id="sm-14ed">
         <name>UARTCharGetNonBlocking</name>
         <value>0xa7b3</value>
         <object_component_ref idref="oc-52b"/>
      </symbol>
      <symbol id="sm-14ee">
         <name>UARTClockSourceSet</name>
         <value>0xa889</value>
         <object_component_ref idref="oc-3ca"/>
      </symbol>
      <symbol id="sm-14f0">
         <name>__TI_static_base__</name>
         <value>0x0</value>
      </symbol>
      <symbol id="sm-14f3">
         <name>SHT$$INIT_ARRAY$$Limit</name>
         <value>0x0</value>
      </symbol>
      <symbol id="sm-14f4">
         <name>SHT$$INIT_ARRAY$$Base</name>
         <value>0x0</value>
      </symbol>
   </symbol_table>
   <title>Link successful</title>
</link_info>
