******************************************************************************
                  TI ARM Linker PC v16.3.0                     
******************************************************************************
>> Linked Tue Oct 04 16:14:48 2016

OUTPUT FILE NAME:   <EEESwitchFirmware.out>
ENTRY POINT SYMBOL: "_c_int00"  address: 00009af1


MEMORY CONFIGURATION

         name            origin    length      used     unused   attr    fill
----------------------  --------  ---------  --------  --------  ----  --------
  FLASH                 00000000   00040000  000118ec  0002e714  R  X
  SRAM                  20000000   00008000  0000650c  00001af4  RW X


SEGMENT ALLOCATION MAP

run origin  load origin   length   init length attrs members
----------  ----------- ---------- ----------- ----- -------
00000000    00000000    000118ec   000118ec    r-x
  00000000    00000000    0000026c   0000026c    r-- .intvecs
  0000026c    0000026c    0000a638   0000a638    r-x .text
  0000a8a4    0000a8a4    00006ef4   00006ef4    r-- .const
  00011798    00011798    00000154   00000154    r-- .cinit
20000000    20000000    0000650c   00000000    rw-
  20000000    20000000    0000026c   00000000    rw- .vtable
  2000026c    2000026c    0000550c   00000000    rw- .bss
  20005778    20005778    000007b8   00000000    rw- .data
  20005f30    20005f30    000005dc   00000000    rw- .stack


SECTION ALLOCATION MAP

 output                                  attributes/
section   page    origin      length       input sections
--------  ----  ----------  ----------   ----------------
.intvecs   0    00000000    0000026c     
                  00000000    0000026c     startup_ccs.obj (.intvecs)

.text      0    0000026c    0000a638     
                  0000026c    00000884     interpreter_task.obj (.text:InterpreterTask)
                  00000af0    0000076c     command_functions.obj (.text:COM_SaveSwitchConfiguration)
                  0000125c    000006d0     freertos_init.obj (.text:InitializeEEPROM)
                  0000192c    00000660     port_monitor_task.obj (.text:PortMonitorTask)
                  00001f8c    00000542     command_functions.obj (.text:COM_AddUser)
                  000024ce    00000002     startup_ccs.obj (.text:IntDefaultHandler)
                  000024d0    000003f4     command_functions.obj (.text:COM_SetVLANEntry)
                  000028c4    000003dc     command_functions.obj (.text:COM_DeleteUsersMenu)
                  00002ca0    000003b9     command_functions.obj (.text:COM_ShowVLANTable)
                  00003059    00000001     --HOLE-- [fill = 0]
                  0000305a    00000002     startup_ccs.obj (.text:NmiSR)
                  0000305c    000003b4     command_functions.obj (.text:COM_RunCableDiagnostics)
                  00003410    00000338     freertos_init.obj (.text:ShowDebugInformation)
                  00003748    0000030c     uartstdio.obj (.text:UARTvprintf)
                  00003a54    000002d4     command_functions.obj (.text:COM_ManageEvents)
                  00003d28    0000027c     command_functions.obj (.text:COM_ShowDynamicMACTable)
                  00003fa4    0000027c     command_functions.obj (.text:COM_ShowStaticMACTable)
                  00004220    00000278     freertos_init.obj (.text:main)
                  00004498    0000025c     command_functions.obj (.text:ShowPortStatus)
                  000046f4    00000256     command_functions.obj (.text:COM_ShowRunningConfig)
                  0000494a    00000002     driverlib.lib : interrupt.obj (.text:_IntDefaultHandler)
                  0000494c    00000254     command_functions.obj (.text:ShowGlobalStatus)
                  00004ba0    0000020c     uartstdio.obj (.text:UARTStdioIntHandler)
                  00004dac    000001e0     eee_hal.obj (.text:EEPROMSingleWrite)
                  00004f8c    000001b8     command_functions.obj (.text:COM_ShowPortStatus)
                  00005144    000001ac     i2c_task.obj (.text:I2CManagerTask)
                  000052f0    00000198     freertos_init.obj (.text:ConfigureSSI)
                  00005488    00000198     freertos_init.obj (.text:DTSTriggered)
                  00005620    0000016c     queue.obj (.text:xQueueGenericReceive)
                  0000578c    00000168     freertos_init.obj (.text:I2C0SlaveIntHandler)
                  000058f4    00000168     led_manager.obj (.text:LEDManagerTask)
                  00005a5c    00000154     eee_hal.obj (.text:EEPROMPageErase)
                  00005bb0    00000140     command_functions.obj (.text:COM_EventStatus)
                  00005cf0    0000013a     command_functions.obj (.text:UpdateProgressBar)
                  00005e2a    00000002     rtsv7M4_T_le_v4SPD16_eabi.lib : i_div0.obj (.text)
                  00005e2c    00000138     command_functions.obj (.text:COM_WriteToEthernetController)
                  00005f64    00000138     tasks.obj (.text:xTaskGenericCreate)
                  0000609c    00000134     rtsv7M4_T_le_v4SPD16_eabi.lib : strtol.obj (.text)
                  000061d0    00000134     tasks.obj (.text:xTaskIncrementTick)
                  00006304    00000132     driverlib.lib : gpio.obj (.text:GPIOPadConfigSet)
                  00006436    00000002     rtsv7M4_T_le_v4SPD16_eabi.lib : mpu_init.obj (.text)
                  00006438    00000128     queue.obj (.text:xQueueGenericSend)
                  00006560    00000120     command_functions.obj (.text:COM_SetSCBitEthernetController)
                  00006680    0000011c     heap_2.obj (.text:pvPortMalloc)
                  0000679c    00000118     command_functions.obj (.text:COM_ListEvents)
                  000068b4    00000114     command_functions.obj (.text:COM_SetBitEthernetController)
                  000069c8    00000110     driverlib.lib : sysctl.obj (.text:SysCtlClockGet)
                  00006ad8    0000010c     command_functions.obj (.text:COM_ClearBitEthernetController)
                  00006be4    0000010c     command_functions.obj (.text:COM_ListUsers)
                  00006cf0    00000104     command_functions.obj (.text:AssertVLANS)
                  00006df4    00000100     event_logger.obj (.text:LoggerTask)
                  00006ef4    000000fc     eee_hal.obj (.text:EthoControllerBulkRead)
                  00006ff0    000000fc     rtsv7M4_T_le_v4SPD16_eabi.lib : fd_mul_t2.obj (.text)
                  000070ec    000000fc     tasks.obj (.text:xTaskResumeAll)
                  000071e8    000000f8     command_functions.obj (.text:COM_WriteToEEPOM)
                  000072e0    000000f8     freertos_init.obj (.text:vApplicationStackOverflowHook)
                  000073d8    000000f0     command_functions.obj (.text:COM_SetPortVLAN)
                  000074c8    000000ec     eee_hal.obj (.text:EEPROMChipErase)
                  000075b4    000000ec     command_functions.obj (.text:I2C_SaveSwitchConfiguration)
                  000076a0    000000e8     command_functions.obj (.text:COM_I2CSend)
                  00007788    000000e4     eee_hal.obj (.text:EEPROMSingleRead)
                  0000786c    000000de     command_functions.obj (.text:ShowProgress)
                  0000794a    00000002     rtsv7M4_T_le_v4SPD16_eabi.lib : startup.obj (.text)
                  0000794c    000000dc     command_functions.obj (.text:COM_ReadFromEEPROM)
                  00007a28    000000d8     uartstdio.obj (.text:UARTStdioConfig)
                  00007b00    000000d2     portasm.obj (.text)
                  00007bd2    00000002     --HOLE-- [fill = 0]
                  00007bd4    000000d0     command_functions.obj (.text:COM_ReadFromEthernetController)
                  00007ca4    000000c8     tasks.obj (.text:vTaskPriorityInherit)
                  00007d6c    000000bc     eee_hal.obj (.text:EthoControllerSingleRead)
                  00007e28    000000bc     eee_hal.obj (.text:EthoControllerSingleWrite)
                  00007ee4    000000bc     uartstdio.obj (.text:UARTwrite)
                  00007fa0    000000bc     queue.obj (.text:prvCopyDataToQueue)
                  0000805c    000000bc     tasks.obj (.text:vTaskDelete)
                  00008118    000000b8     eee_hal.obj (.text:EEPROMBulkWrite)
                  000081d0    000000b8     tasks.obj (.text:vTaskDelayUntil)
                  00008288    000000b8     tasks.obj (.text:vTaskSwitchContext)
                  00008340    000000b0     command_functions.obj (.text:I2C_SetSCEthernetController)
                  000083f0    000000ac     eee_hal.obj (.text:EEPROMBulkRead)
                  0000849c    000000a8     tasks.obj (.text:xTaskPriorityDisinherit)
                  00008544    000000a4     command_functions.obj (.text:I2C_ClearBitEthernetController)
                  000085e8    000000a0     queue.obj (.text:xQueueGenericReset)
                  00008688    0000009c     freertos_init.obj (.text:ConfigureI2C)
                  00008724    0000009c     rtsv7M4_T_le_v4SPD16_eabi.lib : memcpy_t2.obj (.text)
                  000087c0    0000009a     tasks.obj (.text:prvInitialiseTCBVariables)
                  0000885a    00000002     --HOLE-- [fill = 0]
                  0000885c    00000098     tasks.obj (.text:eTaskGetState)
                  000088f4    00000094     uartstdio.obj (.text:UARTPrimeTransmit)
                  00008988    00000090     command_functions.obj (.text:COM_DeleteEvents)
                  00008a18    00000090     freertos_init.obj (.text:ConfigureUART)
                  00008aa8    00000090     tasks.obj (.text:xTaskRemoveFromEventList)
                  00008b38    0000008c     queue.obj (.text:xQueueGenericSendFromISR)
                  00008bc4    00000088     command_functions.obj (.text:I2C_ClearSwitchConfiguration)
                  00008c4c    00000088     uartstdio.obj (.text:UARTgets)
                  00008cd4    00000086     queue.obj (.text:xQueueReceiveFromISR)
                  00008d5a    00000002     --HOLE-- [fill = 0]
                  00008d5c    00000084     tasks.obj (.text:xTaskCheckForTimeOut)
                  00008de0    00000082     queue.obj (.text:prvUnlockQueue)
                  00008e62    00000080     queue.obj (.text:xQueueGiveFromISR)
                  00008ee2    0000007a     rtsv7M4_T_le_v4SPD16_eabi.lib : memset_t2.obj (.text)
                  00008f5c    00000076     queue.obj (.text:xQueueCreateMutex)
                  00008fd2    00000002     --HOLE-- [fill = 0]
                  00008fd4    00000074     led_manager.obj (.text:LEDManagerTaskInit)
                  00009048    00000074     tasks.obj (.text:prvInitialiseTaskLists)
                  000090bc    00000070     command_functions.obj (.text:I2C_DownloadSwitchConfiguration)
                  0000912c    00000070     rtsv7M4_T_le_v4SPD16_eabi.lib : autoinit.obj (.text)
                  0000919c    00000070     heap_2.obj (.text:vPortFree)
                  0000920c    00000070     tasks.obj (.text:vTaskStartScheduler)
                  0000927c    00000070     queue.obj (.text:xQueueGenericCreate)
                  000092ec    0000006c     freertos_init.obj (.text:DTSOFF)
                  00009358    0000006a     rtsv7M4_T_le_v4SPD16_eabi.lib : copy_decompress_rle.obj (.text)
                  000093c2    00000002     --HOLE-- [fill = 0]
                  000093c4    00000068     command_functions.obj (.text:COM_ReinitializeEEPROM)
                  0000942c    00000068     driverlib.lib : interrupt.obj (.text:IntDisable)
                  00009494    00000068                   : interrupt.obj (.text:IntEnable)
                  000094fc    00000068     uartstdio.obj (.text:UARTPeek)
                  00009564    00000068     tasks.obj (.text:prvCheckTasksWaitingTermination)
                  000095cc    00000068     tasks.obj (.text:vTaskPlaceOnEventList)
                  00009634    00000066     list.obj (.text:vListInsert)
                  0000969a    00000002     --HOLE-- [fill = 0]
                  0000969c    00000064     startup_ccs.obj (.text:FaultISR)
                  00009700    00000064     command_functions.obj (.text:I2C_SetBitEthernetController)
                  00009764    00000060     command_functions.obj (.text:COM_ResetTivaC)
                  000097c4    00000060     command_functions.obj (.text:I2C_WriteReadFromEthernetController)
                  00009824    0000005e     tasks.obj (.text:prvAllocateTCBAndStack)
                  00009882    00000002     --HOLE-- [fill = 0]
                  00009884    0000005c     tasks.obj (.text:prvAddCurrentTaskToDelayedList)
                  000098e0    0000005c     port.obj (.text:pxPortInitialiseStack)
                  0000993c    0000005a     led_task.obj (.text:LEDTask)
                  00009996    00000002     --HOLE-- [fill = 0]
                  00009998    00000058     interpreter_task.obj (.text:InterpreterTaskInit)
                  000099f0    00000056     driverlib.lib : gpio.obj (.text:GPIOIntTypeSet)
                  00009a46    00000002     --HOLE-- [fill = 0]
                  00009a48    00000054     i2c_task.obj (.text:I2CManagerTaskInit)
                  00009a9c    00000054     event_logger.obj (.text:LoggerTaskInit)
                  00009af0    00000054     rtsv7M4_T_le_v4SPD16_eabi.lib : boot.obj (.text)
                  00009b44    00000054                                   : exit.obj (.text)
                  00009b98    00000050     command_functions.obj (.text:COM_DeleteConfig)
                  00009be8    00000050     heap_2.obj (.text:prvHeapInit)
                  00009c38    0000004c     driverlib.lib : i2c.obj (.text:I2CMasterInitExpClk)
                  00009c84    0000004c     uartstdio.obj (.text:UARTFlushTx)
                  00009cd0    0000004c     rtsv7M4_T_le_v4SPD16_eabi.lib : cpy_tbl.obj (.text)
                  00009d1c    00000048     driverlib.lib : gpio.obj (.text:GPIOPinConfigure)
                  00009d64    00000048     event_logger.obj (.text:LogItemEEPROM)
                  00009dac    00000048     port_monitor_task.obj (.text:PortManagerTaskInit)
                  00009df4    00000048     list.obj (.text:uxListRemove)
                  00009e3c    00000044     rtsv7M4_T_le_v4SPD16_eabi.lib : fd_tou_t2.obj (.text)
                  00009e80    00000044     port.obj (.text:xPortStartScheduler)
                  00009ec4    00000040     command_functions.obj (.text:CreateProgressBar)
                  00009f04    00000040     driverlib.lib : gpio.obj (.text:_GPIOIntNumberGet)
                  00009f44    00000040     rtsv7M4_T_le_v4SPD16_eabi.lib : strtok.obj (.text)
                  00009f84    00000040                                   : u_divt2.obj (.text)
                  00009fc4    0000003c     command_functions.obj (.text:COM_DisableVLANS)
                  0000a000    0000003c     command_functions.obj (.text:COM_EnableVLANS)
                  0000a03c    0000003c     uartstdio.obj (.text:IsBufferFull)
                  0000a078    0000003c     driverlib.lib : ssi.obj (.text:SSIConfigSetExpClk)
                  0000a0b4    0000003c     uartstdio.obj (.text:UARTgetc)
                  0000a0f0    0000003c     queue.obj (.text:prvCopyDataFromQueue)
                  0000a12c    0000003c     tasks.obj (.text:prvResetNextTaskUnblockTime)
                  0000a168    0000003c     list.obj (.text:vListInsertEnd)
                  0000a1a4    00000034     uartstdio.obj (.text:GetBufferCount)
                  0000a1d8    00000034     driverlib.lib : interrupt.obj (.text:IntRegister)
                  0000a20c    00000034     uartstdio.obj (.text:UARTFlushRx)
                  0000a240    00000030     command_functions.obj (.text:FindIndex)
                  0000a270    00000030     list.obj (.text:vListInitialise)
                  0000a2a0    0000002c     command_functions.obj (.text:COM_Logout)
                  0000a2cc    0000002c     uartstdio.obj (.text:IsBufferEmpty)
                  0000a2f8    0000002c     uartstdio.obj (.text:UARTEchoSet)
                  0000a324    0000002c     port.obj (.text:xPortSysTickHandler)
                  0000a350    0000002a     driverlib.lib : gpio.obj (.text:GPIODirModeSet)
                  0000a37a    00000002     --HOLE-- [fill = 0]
                  0000a37c    0000002a     interpreter_task.obj (.text:NotImplementedFunction)
                  0000a3a6    0000002a     rtsv7M4_T_le_v4SPD16_eabi.lib : strspn.obj (.text)
                  0000a3d0    00000028     eee_hal.obj (.text:delayUs)
                  0000a3f8    00000026     queue.obj (.text:prvIsQueueFull)
                  0000a41e    00000024     uartstdio.obj (.text:UARTprintf)
                  0000a442    00000002     --HOLE-- [fill = 0]
                  0000a444    00000024     eee_hal.obj (.text:delayMs)
                  0000a468    00000024     rtsv7M4_T_le_v4SPD16_eabi.lib : strcspn.obj (.text)
                  0000a48c    00000024     port.obj (.text:vPortEnterCritical)
                  0000a4b0    00000024     tasks.obj (.text:vTaskSetTimeOutState)
                  0000a4d4    00000020     tasks.obj (.text:pcTaskGetTaskName)
                  0000a4f4    00000020     queue.obj (.text:prvIsQueueEmpty)
                  0000a514    00000020     rtsv7M4_T_le_v4SPD16_eabi.lib : u_tofd_t2.obj (.text)
                  0000a534    0000001c     uartstdio.obj (.text:UARTTxBytesFree)
                  0000a550    0000001c     tasks.obj (.text:pvTaskIncrementMutexHeldCount)
                  0000a56c    0000001c     port.obj (.text:vPortExitCritical)
                  0000a588    00000018     driverlib.lib : gpio.obj (.text:GPIOIntRegister)
                  0000a5a0    00000018                   : gpio.obj (.text:GPIOPinTypeGPIOOutput)
                  0000a5b8    00000018     uartstdio.obj (.text:UARTRxBytesAvail)
                  0000a5d0    00000018     freertos_init.obj (.text:WatchdogIntHandler)
                  0000a5e8    00000018     rtsv7M4_T_le_v4SPD16_eabi.lib : args_main.obj (.text)
                  0000a600    00000018                                   : strcmp.obj (.text)
                  0000a618    00000018     port.obj (.text:vPortSetupTimerInterrupt)
                  0000a630    00000016     driverlib.lib : i2c.obj (.text:I2CSlaveAddressSet)
                  0000a646    00000016     queue.obj (.text:uxQueueMessagesWaiting)
                  0000a65c    00000014     driverlib.lib : gpio.obj (.text:GPIOIntUnregister)
                  0000a670    00000014                   : interrupt.obj (.text:IntUnregister)
                  0000a684    00000014     tasks.obj (.text:prvDeleteTCB)
                  0000a698    00000014     rtsv7M4_T_le_v4SPD16_eabi.lib : _lock.obj (.text)
                  0000a6ac    00000014                                   : strlen.obj (.text)
                  0000a6c0    00000014     tasks.obj (.text:xTaskGetTickCount)
                  0000a6d4    00000012     driverlib.lib : gpio.obj (.text:GPIOPinTypeGPIOInput)
                  0000a6e6    00000012                   : gpio.obj (.text:GPIOPinTypeI2C)
                  0000a6f8    00000012                   : gpio.obj (.text:GPIOPinTypeI2CSCL)
                  0000a70a    00000012                   : gpio.obj (.text:GPIOPinTypeSSI)
                  0000a71c    00000010                   : i2c.obj (.text:I2CSlaveEnable)
                  0000a72c    00000010                   : sysctl.obj (.text:SysCtlReset)
                  0000a73c    00000010     port.obj (.text:prvTaskExitError)
                  0000a74c    00000010     list.obj (.text:vListInitialiseItem)
                  0000a75c    00000010     tasks.obj (.text:vTaskSuspendAll)
                  0000a76c    0000000e     driverlib.lib : gpio.obj (.text:GPIOIntDisable)
                  0000a77a    0000000e                   : i2c.obj (.text:I2CSlaveInit)
                  0000a788    0000000e                   : i2c.obj (.text:I2CSlaveIntDisable)
                  0000a796    0000000e                   : i2c.obj (.text:I2CSlaveIntEnable)
                  0000a7a4    0000000e                   : i2c.obj (.text:I2CSlaveIntStatusEx)
                  0000a7b2    0000000e                   : uart.obj (.text:UARTCharGetNonBlocking)
                  0000a7c0    0000000e                   : uart.obj (.text:UARTCharsAvail)
                  0000a7ce    0000000e     rtsv7M4_T_le_v4SPD16_eabi.lib : copy_decompress_none.obj (.text:decompress:none)
                  0000a7dc    0000000c     driverlib.lib : gpio.obj (.text:GPIOIntEnable)
                  0000a7e8    0000000c     i2c_task.obj (.text:I2CNotImplementedFunction)
                  0000a7f4    0000000c     driverlib.lib : i2c.obj (.text:I2CSlaveIntEnableEx)
                  0000a800    0000000c                   : ssi.obj (.text:SSIDataGet)
                  0000a80c    0000000c     tasks.obj (.text:vTaskMissedYield)
                  0000a818    0000000a     driverlib.lib : i2c.obj (.text:I2CMasterEnable)
                  0000a822    0000000a                   : ssi.obj (.text:SSIDataPut)
                  0000a82c    0000000a                   : ssi.obj (.text:SSIEnable)
                  0000a836    0000000a     tasks.obj (.text:prvIdleTask)
                  0000a840    00000008     driverlib.lib : i2c.obj (.text:I2CMasterBusy)
                  0000a848    00000008                   : i2c.obj (.text:I2CMasterSlaveAddrSet)
                  0000a850    00000008                   : ssi.obj (.text:SSIBusy)
                  0000a858    00000006                   : gpio.obj (.text:GPIOIntClear)
                  0000a85e    00000006                   : gpio.obj (.text:GPIOPinRead)
                  0000a864    00000006                   : gpio.obj (.text:GPIOPinWrite)
                  0000a86a    00000006                   : i2c.obj (.text:I2CSlaveDataGet)
                  0000a870    00000006                   : i2c.obj (.text:I2CSlaveDataPut)
                  0000a876    00000006                   : i2c.obj (.text:I2CSlaveIntClearEx)
                  0000a87c    00000006                   : i2c.obj (.text:I2CSlaveStatus)
                  0000a882    00000006     startup_ccs.obj (.text:ResetISR)
                  0000a888    00000006     driverlib.lib : uart.obj (.text:UARTClockSourceSet)
                  0000a88e    00000006     rtsv7M4_T_le_v4SPD16_eabi.lib : copy_decompress_rle.obj (.text:decompress:rle24)
                  0000a894    00000004     driverlib.lib : i2c.obj (.text:I2CMasterControl)
                  0000a898    00000004                   : i2c.obj (.text:I2CMasterDataGet)
                  0000a89c    00000004                   : i2c.obj (.text:I2CMasterDataPut)
                  0000a8a0    00000004     rtsv7M4_T_le_v4SPD16_eabi.lib : pre_init.obj (.text)

.const     0    0000a8a4    00006ef4     
                  0000a8a4    00001130     command_functions.obj (.const:PortConfigMappings)
                  0000b9d4    00000ed6     interpreter_task.obj (.const:.string)
                  0000c8aa    00000002     heap_2.obj (.const)
                  0000c8ac    00000c08     command_functions.obj (.const:GlobalConfigMappings)
                  0000d4b4    000008c0     freertos_init.obj (.const:I2C_Mappings)
                  0000dd74    000008c0     i2c_task.obj (.const:I2C_Mappings)
                  0000e634    0000069e     command_functions.obj (.const:.string)
                  0000ecd2    00000002     --HOLE-- [fill = 0]
                  0000ecd4    00000564     interpreter_task.obj (.const:Port_Options)
                  0000f238    00000398     interpreter_task.obj (.const:System_Commands)
                  0000f5d0    00000284     interpreter_task.obj (.const:Command_Categories)
                  0000f854    000001cc     interpreter_task.obj (.const:Duplex_Settings)
                  0000fa20    000001cc     interpreter_task.obj (.const:EEPROM_Options)
                  0000fbec    000001cc     interpreter_task.obj (.const:Event_Options)
                  0000fdb8    000001cc     interpreter_task.obj (.const:Port_Commands)
                  0000ff84    000001cc     interpreter_task.obj (.const:Sniffing_Settings)
                  00010150    000001cc     interpreter_task.obj (.const:VLAN_Settings)
                  0001031c    00000170     interpreter_task.obj (.const:Table_Options)
                  0001048c    00000170     interpreter_task.obj (.const:User_Options)
                  000105fc    00000114     interpreter_task.obj (.const:Admin_Commands)
                  00010710    00000114     interpreter_task.obj (.const:Config_Commands)
                  00010824    00000114     interpreter_task.obj (.const:Controller_Options)
                  00010938    00000114     interpreter_task.obj (.const:Enable_Disable_Options)
                  00010a4c    00000114     interpreter_task.obj (.const:INV_Enable_Disable_Options)
                  00010b60    00000114     interpreter_task.obj (.const:LED_Options)
                  00010c74    00000101     rtsv7M4_T_le_v4SPD16_eabi.lib : ctype.obj (.const:.string:_ctypes_)
                  00010d75    00000003     --HOLE-- [fill = 0]
                  00010d78    000000c0     driverlib.lib : gpio.obj (.const:g_ppui32GPIOIntMapBlizzard)
                  00010e38    000000c0                   : gpio.obj (.const:g_ppui32GPIOIntMapSnowflake)
                  00010ef8    000000b8     interpreter_task.obj (.const:I2C_Command_Code)
                  00010fb0    000000b8     interpreter_task.obj (.const:I2C_Options)
                  00011068    000000b8     interpreter_task.obj (.const:ReadEEPROMRegister_Options)
                  00011120    000000b8     interpreter_task.obj (.const:ReadRegister_Options)
                  000111d8    000000b8     interpreter_task.obj (.const:VLAN__TableSettings)
                  00011290    000000b8     interpreter_task.obj (.const:WriteEEPROMRegister_Options2)
                  00011348    000000b8     interpreter_task.obj (.const:WriteEEPROMRegister_Options)
                  00011400    000000b8     interpreter_task.obj (.const:WriteRegister_Options2)
                  000114b8    000000b8     interpreter_task.obj (.const:WriteRegister_Options)
                  00011570    00000090     driverlib.lib : gpio.obj (.const:g_pui32GPIOBaseAddrs)
                  00011600    00000070                   : interrupt.obj (.const)
                  00011670    0000006c                   : sysctl.obj (.const:g_pui32Xtals)
                  000116dc    00000043     command_functions.obj (.const:$P$T0$1)
                  0001171f    00000001     --HOLE-- [fill = 0]
                  00011720    0000002c     freertos_init.obj (.const:.string)
                  0001174c    00000012     uartstdio.obj (.const:.string)
                  0001175e    00000002     --HOLE-- [fill = 0]
                  00011760    0000000c     uartstdio.obj (.const:g_ui32UARTBase)
                  0001176c    0000000c     uartstdio.obj (.const:g_ui32UARTInt)
                  00011778    0000000c     uartstdio.obj (.const:g_ui32UARTPeriph)
                  00011784    00000005     led_manager.obj (.const:.string:$P$T0$2)
                  00011789    00000004     command_functions.obj (.const:.string:$P$T1$2)
                  0001178d    00000003     --HOLE-- [fill = 0]
                  00011790    00000004     port.obj (.const)
                  00011794    00000004     uartstdio.obj (.const)

.cinit     0    00011798    00000154     
                  00011798    00000116     (.cinit..data.load) [load image, compression = rle]
                  000118ae    00000002     --HOLE-- [fill = 0]
                  000118b0    0000000b     (.cinit..bss.load) [load image, compression = rle]
                  000118bb    00000005     --HOLE-- [fill = 0]
                  000118c0    0000000b     (.cinit..vtable.load) [load image, compression = rle]
                  000118cb    00000001     --HOLE-- [fill = 0]
                  000118cc    00000008     (__TI_handler_table)
                  000118d4    00000018     (__TI_cinit_table)

.init_array 
*          0    00000000    00000000     UNINITIALIZED

.vtable    0    20000000    0000026c     UNINITIALIZED
                  20000000    0000026c     driverlib.lib : interrupt.obj (.vtable)

.bss       0    2000026c    0000550c     UNINITIALIZED
                  2000026c    00004e20     heap_2.obj (.bss:ucHeap)
                  2000508c    00000400     uartstdio.obj (.bss:g_pcUARTTxBuffer)
                  2000548c    00000140     tasks.obj (.bss:pxReadyTasksLists)
                  200055cc    00000080     uartstdio.obj (.bss:g_pcUARTRxBuffer)
                  2000564c    00000043     (.common:ActiveUser)
                  2000568f    00000033     freertos_init.obj (.bss:data$1)
                  200056c2    00000002     --HOLE--
                  200056c4    00000014     tasks.obj (.bss:xDelayedTaskList1)
                  200056d8    00000014     tasks.obj (.bss:xDelayedTaskList2)
                  200056ec    00000014     tasks.obj (.bss:xPendingReadyList)
                  20005700    00000014     tasks.obj (.bss:xSuspendedTaskList)
                  20005714    00000014     tasks.obj (.bss:xTasksWaitingTermination)
                  20005728    0000000c     led_manager.obj (.bss:LEDTaskData)
                  20005734    00000008     tasks.obj (.bss)
                  2000573c    00000008     uartstdio.obj (.bss)
                  20005744    00000008     heap_2.obj (.bss:xEnd)
                  2000574c    00000008     heap_2.obj (.bss:xStart)
                  20005754    00000004     (.common:LoggerTaskHandle)
                  20005758    00000004     (.common:g_pI2CQueue)
                  2000575c    00000004     (.common:g_pI2CSemaphore)
                  20005760    00000004     (.common:g_pINTERPRETERQueue)
                  20005764    00000004     (.common:g_pLEDQueue)
                  20005768    00000004     (.common:g_pLoggerQueue)
                  2000576c    00000004     (.common:g_pSPI0Semaphore)
                  20005770    00000004     (.common:g_pSPI1Semaphore)
                  20005774    00000004     (.common:g_pUARTSemaphore)

.data      0    20005778    000007b8     UNINITIALIZED
                  20005778    00000430     freertos_init.obj (.data:users)
                  20005ba8    00000200     interpreter_task.obj (.data:commandwords$1)
                  20005da8    00000080     command_functions.obj (.data:LogTypes)
                  20005e28    00000030     led_manager.obj (.data:LEDS)
                  20005e58    00000030     tasks.obj (.data)
                  20005e88    00000016     uartstdio.obj (.data)
                  20005e9e    00000002     command_functions.obj (.data)
                  20005ea0    00000014     freertos_init.obj (.data:TASK_STATES)
                  20005eb4    00000010     command_functions.obj (.data:RoleDefs)
                  20005ec4    00000010     led_manager.obj (.data:TaskHandles$1)
                  20005ed4    00000010     command_functions.obj (.data:console_hostname)
                  20005ee4    00000010     interpreter_task.obj (.data:console_hostname)
                  20005ef4    0000000c     rtsv7M4_T_le_v4SPD16_eabi.lib : exit.obj (.data:$O1$$)
                  20005f00    00000008                                   : _lock.obj (.data:$O1$$)
                  20005f08    00000008     event_logger.obj (.data)
                  20005f10    00000008     heap_2.obj (.data)
                  20005f18    00000005     freertos_init.obj (.data)
                  20005f1d    00000003     --HOLE--
                  20005f20    00000004     port.obj (.data)
                  20005f24    00000004     rtsv7M4_T_le_v4SPD16_eabi.lib : errno.obj (.data)
                  20005f28    00000004                                   : stkdepth_vars.obj (.data)
                  20005f2c    00000004                                   : strtok.obj (.data)

.stack     0    20005f30    000005dc     UNINITIALIZED
                  20005f30    000005dc     --HOLE--

MODULE SUMMARY

       Module                     code    ro data   rw data
       ------                     ----    -------   -------
    .\
       command_functions.obj      17057   9245      162    
       interpreter_task.obj       2310    13550     599    
       freertos_init.obj          5056    2284      1164   
       i2c_task.obj               524     2240      4      
       eee_hal.obj                2344    0         0      
       port_monitor_task.obj      1704    0         0      
       startup_ccs.obj            110     620       0      
       led_manager.obj            476     5         80     
       event_logger.obj           412     0         16     
       led_task.obj               90      0         0      
    +--+--------------------------+-------+---------+---------+
       Total:                     30083   27944     2025   
                                                           
    .\third_party\FreeRTOS\Source\
       tasks.obj                  3234    0         476    
       queue.obj                  1922    0         0      
       list.obj                   298     0         0      
    +--+--------------------------+-------+---------+---------+
       Total:                     5454    0         476    
                                                           
    .\third_party\FreeRTOS\Source\portable\CCS\ARM_CM4F\
       port.obj                   308     4         4      
       portasm.obj                210     0         0      
    +--+--------------------------+-------+---------+---------+
       Total:                     518     4         4      
                                                           
    .\third_party\FreeRTOS\Source\portable\MemMang\
       heap_2.obj                 476     2         20024  
    +--+--------------------------+-------+---------+---------+
       Total:                     476     2         20024  
                                                           
    .\utils\
       uartstdio.obj              2572    58        1182   
    +--+--------------------------+-------+---------+---------+
       Total:                     2572    58        1182   
                                                           
    C:/ti/TivaWare_C_Series-2.1.2.111/driverlib/ccs/Debug/driverlib.lib
       gpio.obj                   754     528       0      
       interrupt.obj              282     112       620    
       sysctl.obj                 288     108       0      
       i2c.obj                    244     0         0      
       ssi.obj                    100     0         0      
       uart.obj                   34      0         0      
    +--+--------------------------+-------+---------+---------+
       Total:                     1702    748       620    
                                                           
    C:\ti\ccsv6\tools\compiler\ti-cgt-arm_16.3.0.STS\lib\rtsv7M4_T_le_v4SPD16_eabi.lib
       strtol.obj                 308     0         0      
       ctype.obj                  0       257       0      
       fd_mul_t2.obj              252     0         0      
       memcpy_t2.obj              156     0         0      
       memset_t2.obj              122     0         0      
       autoinit.obj               112     0         0      
       copy_decompress_rle.obj    112     0         0      
       exit.obj                   84      0         12     
       boot.obj                   84      0         0      
       cpy_tbl.obj                76      0         0      
       fd_tou_t2.obj              68      0         0      
       strtok.obj                 64      0         4      
       u_divt2.obj                64      0         0      
       strspn.obj                 42      0         0      
       strcspn.obj                36      0         0      
       u_tofd_t2.obj              32      0         0      
       _lock.obj                  20      0         8      
       args_main.obj              24      0         0      
       strcmp.obj                 24      0         0      
       strlen.obj                 20      0         0      
       copy_decompress_none.obj   14      0         0      
       errno.obj                  0       0         4      
       pre_init.obj               4       0         0      
       stkdepth_vars.obj          0       0         4      
       i_div0.obj                 2       0         0      
       mpu_init.obj               2       0         0      
       startup.obj                2       0         0      
    +--+--------------------------+-------+---------+---------+
       Total:                     1724    257       32     
                                                           
       Stack:                     0       0         1500   
       Linker Generated:          0       332       0      
    +--+--------------------------+-------+---------+---------+
       Grand Total:               42529   29345     25863  


LINKER GENERATED COPY TABLES

__TI_cinit_table @ 000118d4 records: 3, size/record: 8, table size: 24
	.data: load addr=00011798, load size=00000116 bytes, run addr=20005778, run size=000007b8 bytes, compression=rle
	.bss: load addr=000118b0, load size=0000000b bytes, run addr=2000026c, run size=0000550c bytes, compression=rle
	.vtable: load addr=000118c0, load size=0000000b bytes, run addr=20000000, run size=0000026c bytes, compression=rle


LINKER GENERATED HANDLER TABLE

__TI_handler_table @ 000118cc records: 2, size/record: 4, table size: 8
	index: 0, handler: __TI_decompress_rle24
	index: 1, handler: __TI_decompress_none


GLOBAL SYMBOLS: SORTED ALPHABETICALLY BY Name 

address   name                               
-------   ----                               
2000564c  ActiveUser                         
00006cf1  AssertVLANS                        
20005f1a  Authenticated                      
00009b45  C$$EXIT                            
00001f8d  COM_AddUser                        
00006ad9  COM_ClearBitEthernetController     
00009b99  COM_DeleteConfig                   
00008989  COM_DeleteEvents                   
000028c5  COM_DeleteUsersMenu                
00009fc5  COM_DisableVLANS                   
0000a001  COM_EnableVLANS                    
00005bb1  COM_EventStatus                    
000076a1  COM_I2CSend                        
0000679d  COM_ListEvents                     
00006be5  COM_ListUsers                      
0000a2a1  COM_Logout                         
00003a55  COM_ManageEvents                   
0000794d  COM_ReadFromEEPROM                 
00007bd5  COM_ReadFromEthernetController     
000093c5  COM_ReinitializeEEPROM             
00009765  COM_ResetTivaC                     
0000305d  COM_RunCableDiagnostics            
00000af1  COM_SaveSwitchConfiguration        
000068b5  COM_SetBitEthernetController       
000073d9  COM_SetPortVLAN                    
00006561  COM_SetSCBitEthernetController     
000024d1  COM_SetVLANEntry                   
00003d29  COM_ShowDynamicMACTable            
00004f8d  COM_ShowPortStatus                 
000046f5  COM_ShowRunningConfig              
00003fa5  COM_ShowStaticMACTable             
00002ca1  COM_ShowVLANTable                  
000071e9  COM_WriteToEEPOM                   
00005e2d  COM_WriteToEthernetController      
00008689  ConfigureI2C                       
000052f1  ConfigureSSI                       
00008a19  ConfigureUART                      
00009ec5  CreateProgressBar                  
000092ed  DTSOFF                             
00005489  DTSTriggered                       
000083f1  EEPROMBulkRead                     
00008119  EEPROMBulkWrite                    
000074c9  EEPROMChipErase                    
00005a5d  EEPROMPageErase                    
00007789  EEPROMSingleRead                   
00004dad  EEPROMSingleWrite                  
00006ef5  EthoControllerBulkRead             
00007d6d  EthoControllerSingleRead           
00007e29  EthoControllerSingleWrite          
0000a241  FindIndex                          
0000a351  GPIODirModeSet                     
0000a859  GPIOIntClear                       
0000a76d  GPIOIntDisable                     
0000a7dd  GPIOIntEnable                      
0000a589  GPIOIntRegister                    
000099f1  GPIOIntTypeSet                     
0000a65d  GPIOIntUnregister                  
00006305  GPIOPadConfigSet                   
00009d1d  GPIOPinConfigure                   
0000a85f  GPIOPinRead                        
0000a6d5  GPIOPinTypeGPIOInput               
0000a5a1  GPIOPinTypeGPIOOutput              
0000a6e7  GPIOPinTypeI2C                     
0000a6f9  GPIOPinTypeI2CSCL                  
0000a70b  GPIOPinTypeSSI                     
0000a865  GPIOPinWrite                       
0000578d  I2C0SlaveIntHandler                
00009a49  I2CManagerTaskInit                 
0000a841  I2CMasterBusy                      
0000a895  I2CMasterControl                   
0000a899  I2CMasterDataGet                   
0000a89d  I2CMasterDataPut                   
0000a819  I2CMasterEnable                    
00009c39  I2CMasterInitExpClk                
0000a849  I2CMasterSlaveAddrSet              
0000a7e9  I2CNotImplementedFunction          
0000a631  I2CSlaveAddressSet                 
0000a86b  I2CSlaveDataGet                    
0000a871  I2CSlaveDataPut                    
0000a71d  I2CSlaveEnable                     
0000a77b  I2CSlaveInit                       
0000a877  I2CSlaveIntClearEx                 
0000a789  I2CSlaveIntDisable                 
0000a797  I2CSlaveIntEnable                  
0000a7f5  I2CSlaveIntEnableEx                
0000a7a5  I2CSlaveIntStatusEx                
0000a87d  I2CSlaveStatus                     
00008545  I2C_ClearBitEthernetController     
00008bc5  I2C_ClearSwitchConfiguration       
000090bd  I2C_DownloadSwitchConfiguration    
000075b5  I2C_SaveSwitchConfiguration        
00009701  I2C_SetBitEthernetController       
00008341  I2C_SetSCEthernetController        
000097c5  I2C_WriteReadFromEthernetController
0000125d  InitializeEEPROM                   
0000942d  IntDisable                         
00009495  IntEnable                          
0000a1d9  IntRegister                        
0000a671  IntUnregister                      
00009999  InterpreterTaskInit                
00008fd5  LEDManagerTaskInit                 
0000993d  LEDTask                            
00009d65  LogItemEEPROM                      
20005f08  LogStatusFlags                     
20005754  LoggerTaskHandle                   
00009a9d  LoggerTaskInit                     
20005f0c  NextLogSlot                        
0000a37d  NotImplementedFunction             
00009dad  PortManagerTaskInit                
0000a883  ResetISR                           
UNDEFED   SHT$$INIT_ARRAY$$Base              
UNDEFED   SHT$$INIT_ARRAY$$Limit             
0000a851  SSIBusy                            
0000a079  SSIConfigSetExpClk                 
0000a801  SSIDataGet                         
0000a823  SSIDataPut                         
0000a82d  SSIEnable                          
00003411  ShowDebugInformation               
0000494d  ShowGlobalStatus                   
00004499  ShowPortStatus                     
0000786d  ShowProgress                       
000069c9  SysCtlClockGet                     
0000a72d  SysCtlReset                        
0000a7b3  UARTCharGetNonBlocking             
0000a7c1  UARTCharsAvail                     
0000a889  UARTClockSourceSet                 
0000a2f9  UARTEchoSet                        
0000a20d  UARTFlushRx                        
00009c85  UARTFlushTx                        
20005f1c  UARTInterpreterEnabled             
000094fd  UARTPeek                           
0000a5b9  UARTRxBytesAvail                   
00007a29  UARTStdioConfig                    
00004ba1  UARTStdioIntHandler                
0000a535  UARTTxBytesFree                    
0000a0b5  UARTgetc                           
00008c4d  UARTgets                           
0000a41f  UARTprintf                         
00003749  UARTvprintf                        
00007ee5  UARTwrite                          
00005cf1  UpdateProgressBar                  
20005f1b  UsePasswordMask                    
0000a5d1  WatchdogIntHandler                 
2000650c  __STACK_END                        
000005dc  __STACK_SIZE                       
20006130  __STACK_TOP                        
000118d4  __TI_CINIT_Base                    
000118ec  __TI_CINIT_Limit                   
000118cc  __TI_Handler_Table_Base            
000118d4  __TI_Handler_Table_Limit           
0000912d  __TI_auto_init                     
20005ef4  __TI_cleanup_ptr                   
0000a7cf  __TI_decompress_none               
0000a88f  __TI_decompress_rle24              
20005ef8  __TI_dtors_ptr                     
20005efc  __TI_enable_exit_profile_output    
ffffffff  __TI_pprof_out_hndl                
ffffffff  __TI_prof_data_size                
ffffffff  __TI_prof_data_start               
00000000  __TI_static_base__                 
00009e3d  __aeabi_d2uiz                      
00006ff1  __aeabi_dmul                       
00005e2b  __aeabi_idiv0                      
00008ee3  __aeabi_memclr                     
00008ee3  __aeabi_memclr4                    
00008ee3  __aeabi_memclr8                    
00008725  __aeabi_memcpy                     
00008725  __aeabi_memcpy4                    
00008725  __aeabi_memcpy8                    
00008ee5  __aeabi_memset                     
00008ee5  __aeabi_memset4                    
00008ee5  __aeabi_memset8                    
0000a515  __aeabi_ui2d                       
00009f85  __aeabi_uidiv                      
00009f85  __aeabi_uidivmod                   
ffffffff  __binit__                          
ffffffff  __c_args__                         
00006437  __mpu_init                         
20005f30  __stack                            
0000a5e9  _args_main                         
00009af1  _c_int00                           
00010c74  _ctypes_                           
20005f00  _lock                              
0000a6a7  _nop                               
0000a69f  _register_lock                     
0000a699  _register_unlock                   
0000794b  _system_post_cinit                 
0000a8a1  _system_pre_init                   
20005f04  _unlock                            
00009b49  abort                              
ffffffff  binit                              
00009cd1  copy_in                            
0000a445  delayMs                            
0000a3d1  delayUs                            
0000885d  eTaskGetState                      
20005f24  errno                              
00009b51  exit                               
20005758  g_pI2CQueue                        
2000575c  g_pI2CSemaphore                    
20005760  g_pINTERPRETERQueue                
20005764  g_pLEDQueue                        
20005768  g_pLoggerQueue                     
2000576c  g_pSPI0Semaphore                   
20005770  g_pSPI1Semaphore                   
20005774  g_pUARTSemaphore                   
20000000  g_pfnRAMVectors                    
00000000  g_pfnVectors                       
00004221  main                               
20005f28  main_func_sp                       
00008725  memcpy                             
00008eeb  memset                             
0000a4d5  pcTaskGetTaskName                  
00006681  pvPortMalloc                       
0000a551  pvTaskIncrementMutexHeldCount      
20005e58  pxCurrentTCB                       
000098e1  pxPortInitialiseStack              
0000a601  strcmp                             
0000a469  strcspn                            
0000a6ad  strlen                             
0000a3a7  strspn                             
00009f45  strtok                             
0000609d  strtol                             
00011790  ulMaxSyscallInterruptPriority      
00007b11  ulPortGetIPSR                      
20005778  users                              
00009df5  uxListRemove                       
0000a647  uxQueueMessagesWaiting             
000072e1  vApplicationStackOverflowHook      
0000a271  vListInitialise                    
0000a74d  vListInitialiseItem                
00009635  vListInsert                        
0000a169  vListInsertEnd                     
00007bc5  vPortEnableVFP                     
0000a48d  vPortEnterCritical                 
0000a56d  vPortExitCritical                  
0000919d  vPortFree                          
00007b89  vPortSVCHandler                    
0000a619  vPortSetupTimerInterrupt           
00007ba9  vPortStartFirstTask                
000081d1  vTaskDelayUntil                    
0000805d  vTaskDelete                        
0000a80d  vTaskMissedYield                   
000095cd  vTaskPlaceOnEventList              
00007ca5  vTaskPriorityInherit               
0000a4b1  vTaskSetTimeOutState               
0000920d  vTaskStartScheduler                
0000a75d  vTaskSuspendAll                    
00008289  vTaskSwitchContext                 
00007b29  xPortPendSVHandler                 
00009e81  xPortStartScheduler                
0000a325  xPortSysTickHandler                
00008f5d  xQueueCreateMutex                  
0000927d  xQueueGenericCreate                
00005621  xQueueGenericReceive               
000085e9  xQueueGenericReset                 
00006439  xQueueGenericSend                  
00008b39  xQueueGenericSendFromISR           
00008e63  xQueueGiveFromISR                  
00008cd5  xQueueReceiveFromISR               
00008d5d  xTaskCheckForTimeOut               
00005f65  xTaskGenericCreate                 
0000a6c1  xTaskGetTickCount                  
000061d1  xTaskIncrementTick                 
0000849d  xTaskPriorityDisinherit            
00008aa9  xTaskRemoveFromEventList           
000070ed  xTaskResumeAll                     


GLOBAL SYMBOLS: SORTED BY Symbol Address 

address   name                               
-------   ----                               
00000000  __TI_static_base__                 
00000000  g_pfnVectors                       
000005dc  __STACK_SIZE                       
00000af1  COM_SaveSwitchConfiguration        
0000125d  InitializeEEPROM                   
00001f8d  COM_AddUser                        
000024d1  COM_SetVLANEntry                   
000028c5  COM_DeleteUsersMenu                
00002ca1  COM_ShowVLANTable                  
0000305d  COM_RunCableDiagnostics            
00003411  ShowDebugInformation               
00003749  UARTvprintf                        
00003a55  COM_ManageEvents                   
00003d29  COM_ShowDynamicMACTable            
00003fa5  COM_ShowStaticMACTable             
00004221  main                               
00004499  ShowPortStatus                     
000046f5  COM_ShowRunningConfig              
0000494d  ShowGlobalStatus                   
00004ba1  UARTStdioIntHandler                
00004dad  EEPROMSingleWrite                  
00004f8d  COM_ShowPortStatus                 
000052f1  ConfigureSSI                       
00005489  DTSTriggered                       
00005621  xQueueGenericReceive               
0000578d  I2C0SlaveIntHandler                
00005a5d  EEPROMPageErase                    
00005bb1  COM_EventStatus                    
00005cf1  UpdateProgressBar                  
00005e2b  __aeabi_idiv0                      
00005e2d  COM_WriteToEthernetController      
00005f65  xTaskGenericCreate                 
0000609d  strtol                             
000061d1  xTaskIncrementTick                 
00006305  GPIOPadConfigSet                   
00006437  __mpu_init                         
00006439  xQueueGenericSend                  
00006561  COM_SetSCBitEthernetController     
00006681  pvPortMalloc                       
0000679d  COM_ListEvents                     
000068b5  COM_SetBitEthernetController       
000069c9  SysCtlClockGet                     
00006ad9  COM_ClearBitEthernetController     
00006be5  COM_ListUsers                      
00006cf1  AssertVLANS                        
00006ef5  EthoControllerBulkRead             
00006ff1  __aeabi_dmul                       
000070ed  xTaskResumeAll                     
000071e9  COM_WriteToEEPOM                   
000072e1  vApplicationStackOverflowHook      
000073d9  COM_SetPortVLAN                    
000074c9  EEPROMChipErase                    
000075b5  I2C_SaveSwitchConfiguration        
000076a1  COM_I2CSend                        
00007789  EEPROMSingleRead                   
0000786d  ShowProgress                       
0000794b  _system_post_cinit                 
0000794d  COM_ReadFromEEPROM                 
00007a29  UARTStdioConfig                    
00007b11  ulPortGetIPSR                      
00007b29  xPortPendSVHandler                 
00007b89  vPortSVCHandler                    
00007ba9  vPortStartFirstTask                
00007bc5  vPortEnableVFP                     
00007bd5  COM_ReadFromEthernetController     
00007ca5  vTaskPriorityInherit               
00007d6d  EthoControllerSingleRead           
00007e29  EthoControllerSingleWrite          
00007ee5  UARTwrite                          
0000805d  vTaskDelete                        
00008119  EEPROMBulkWrite                    
000081d1  vTaskDelayUntil                    
00008289  vTaskSwitchContext                 
00008341  I2C_SetSCEthernetController        
000083f1  EEPROMBulkRead                     
0000849d  xTaskPriorityDisinherit            
00008545  I2C_ClearBitEthernetController     
000085e9  xQueueGenericReset                 
00008689  ConfigureI2C                       
00008725  __aeabi_memcpy                     
00008725  __aeabi_memcpy4                    
00008725  __aeabi_memcpy8                    
00008725  memcpy                             
0000885d  eTaskGetState                      
00008989  COM_DeleteEvents                   
00008a19  ConfigureUART                      
00008aa9  xTaskRemoveFromEventList           
00008b39  xQueueGenericSendFromISR           
00008bc5  I2C_ClearSwitchConfiguration       
00008c4d  UARTgets                           
00008cd5  xQueueReceiveFromISR               
00008d5d  xTaskCheckForTimeOut               
00008e63  xQueueGiveFromISR                  
00008ee3  __aeabi_memclr                     
00008ee3  __aeabi_memclr4                    
00008ee3  __aeabi_memclr8                    
00008ee5  __aeabi_memset                     
00008ee5  __aeabi_memset4                    
00008ee5  __aeabi_memset8                    
00008eeb  memset                             
00008f5d  xQueueCreateMutex                  
00008fd5  LEDManagerTaskInit                 
000090bd  I2C_DownloadSwitchConfiguration    
0000912d  __TI_auto_init                     
0000919d  vPortFree                          
0000920d  vTaskStartScheduler                
0000927d  xQueueGenericCreate                
000092ed  DTSOFF                             
000093c5  COM_ReinitializeEEPROM             
0000942d  IntDisable                         
00009495  IntEnable                          
000094fd  UARTPeek                           
000095cd  vTaskPlaceOnEventList              
00009635  vListInsert                        
00009701  I2C_SetBitEthernetController       
00009765  COM_ResetTivaC                     
000097c5  I2C_WriteReadFromEthernetController
000098e1  pxPortInitialiseStack              
0000993d  LEDTask                            
00009999  InterpreterTaskInit                
000099f1  GPIOIntTypeSet                     
00009a49  I2CManagerTaskInit                 
00009a9d  LoggerTaskInit                     
00009af1  _c_int00                           
00009b45  C$$EXIT                            
00009b49  abort                              
00009b51  exit                               
00009b99  COM_DeleteConfig                   
00009c39  I2CMasterInitExpClk                
00009c85  UARTFlushTx                        
00009cd1  copy_in                            
00009d1d  GPIOPinConfigure                   
00009d65  LogItemEEPROM                      
00009dad  PortManagerTaskInit                
00009df5  uxListRemove                       
00009e3d  __aeabi_d2uiz                      
00009e81  xPortStartScheduler                
00009ec5  CreateProgressBar                  
00009f45  strtok                             
00009f85  __aeabi_uidiv                      
00009f85  __aeabi_uidivmod                   
00009fc5  COM_DisableVLANS                   
0000a001  COM_EnableVLANS                    
0000a079  SSIConfigSetExpClk                 
0000a0b5  UARTgetc                           
0000a169  vListInsertEnd                     
0000a1d9  IntRegister                        
0000a20d  UARTFlushRx                        
0000a241  FindIndex                          
0000a271  vListInitialise                    
0000a2a1  COM_Logout                         
0000a2f9  UARTEchoSet                        
0000a325  xPortSysTickHandler                
0000a351  GPIODirModeSet                     
0000a37d  NotImplementedFunction             
0000a3a7  strspn                             
0000a3d1  delayUs                            
0000a41f  UARTprintf                         
0000a445  delayMs                            
0000a469  strcspn                            
0000a48d  vPortEnterCritical                 
0000a4b1  vTaskSetTimeOutState               
0000a4d5  pcTaskGetTaskName                  
0000a515  __aeabi_ui2d                       
0000a535  UARTTxBytesFree                    
0000a551  pvTaskIncrementMutexHeldCount      
0000a56d  vPortExitCritical                  
0000a589  GPIOIntRegister                    
0000a5a1  GPIOPinTypeGPIOOutput              
0000a5b9  UARTRxBytesAvail                   
0000a5d1  WatchdogIntHandler                 
0000a5e9  _args_main                         
0000a601  strcmp                             
0000a619  vPortSetupTimerInterrupt           
0000a631  I2CSlaveAddressSet                 
0000a647  uxQueueMessagesWaiting             
0000a65d  GPIOIntUnregister                  
0000a671  IntUnregister                      
0000a699  _register_unlock                   
0000a69f  _register_lock                     
0000a6a7  _nop                               
0000a6ad  strlen                             
0000a6c1  xTaskGetTickCount                  
0000a6d5  GPIOPinTypeGPIOInput               
0000a6e7  GPIOPinTypeI2C                     
0000a6f9  GPIOPinTypeI2CSCL                  
0000a70b  GPIOPinTypeSSI                     
0000a71d  I2CSlaveEnable                     
0000a72d  SysCtlReset                        
0000a74d  vListInitialiseItem                
0000a75d  vTaskSuspendAll                    
0000a76d  GPIOIntDisable                     
0000a77b  I2CSlaveInit                       
0000a789  I2CSlaveIntDisable                 
0000a797  I2CSlaveIntEnable                  
0000a7a5  I2CSlaveIntStatusEx                
0000a7b3  UARTCharGetNonBlocking             
0000a7c1  UARTCharsAvail                     
0000a7cf  __TI_decompress_none               
0000a7dd  GPIOIntEnable                      
0000a7e9  I2CNotImplementedFunction          
0000a7f5  I2CSlaveIntEnableEx                
0000a801  SSIDataGet                         
0000a80d  vTaskMissedYield                   
0000a819  I2CMasterEnable                    
0000a823  SSIDataPut                         
0000a82d  SSIEnable                          
0000a841  I2CMasterBusy                      
0000a849  I2CMasterSlaveAddrSet              
0000a851  SSIBusy                            
0000a859  GPIOIntClear                       
0000a85f  GPIOPinRead                        
0000a865  GPIOPinWrite                       
0000a86b  I2CSlaveDataGet                    
0000a871  I2CSlaveDataPut                    
0000a877  I2CSlaveIntClearEx                 
0000a87d  I2CSlaveStatus                     
0000a883  ResetISR                           
0000a889  UARTClockSourceSet                 
0000a88f  __TI_decompress_rle24              
0000a895  I2CMasterControl                   
0000a899  I2CMasterDataGet                   
0000a89d  I2CMasterDataPut                   
0000a8a1  _system_pre_init                   
00010c74  _ctypes_                           
00011790  ulMaxSyscallInterruptPriority      
000118cc  __TI_Handler_Table_Base            
000118d4  __TI_CINIT_Base                    
000118d4  __TI_Handler_Table_Limit           
000118ec  __TI_CINIT_Limit                   
20000000  g_pfnRAMVectors                    
2000564c  ActiveUser                         
20005754  LoggerTaskHandle                   
20005758  g_pI2CQueue                        
2000575c  g_pI2CSemaphore                    
20005760  g_pINTERPRETERQueue                
20005764  g_pLEDQueue                        
20005768  g_pLoggerQueue                     
2000576c  g_pSPI0Semaphore                   
20005770  g_pSPI1Semaphore                   
20005774  g_pUARTSemaphore                   
20005778  users                              
20005e58  pxCurrentTCB                       
20005ef4  __TI_cleanup_ptr                   
20005ef8  __TI_dtors_ptr                     
20005efc  __TI_enable_exit_profile_output    
20005f00  _lock                              
20005f04  _unlock                            
20005f08  LogStatusFlags                     
20005f0c  NextLogSlot                        
20005f1a  Authenticated                      
20005f1b  UsePasswordMask                    
20005f1c  UARTInterpreterEnabled             
20005f24  errno                              
20005f28  main_func_sp                       
20005f30  __stack                            
20006130  __STACK_TOP                        
2000650c  __STACK_END                        
ffffffff  __TI_pprof_out_hndl                
ffffffff  __TI_prof_data_size                
ffffffff  __TI_prof_data_start               
ffffffff  __binit__                          
ffffffff  __c_args__                         
ffffffff  binit                              
UNDEFED   SHT$$INIT_ARRAY$$Base              
UNDEFED   SHT$$INIT_ARRAY$$Limit             

[266 symbols]
